Component: ARM Compiler 5.06 update 3 (build 300) Tool: armlink [4d35c9]

==============================================================================

Section Cross References

    misc.o(i.NVIC_Init) refers to startup.o(i.assert_failed) for assert_failed
    misc.o(i.NVIC_PriorityGroupConfig) refers to startup.o(i.assert_failed) for assert_failed
    misc.o(i.NVIC_SetVectorTable) refers to startup.o(i.assert_failed) for assert_failed
    misc.o(i.NVIC_SystemLPConfig) refers to startup.o(i.assert_failed) for assert_failed
    misc.o(i.SysTick_CLKSourceConfig) refers to startup.o(i.assert_failed) for assert_failed
    stm32f10x_adc.o(i.ADC_AnalogWatchdogCmd) refers to startup.o(i.assert_failed) for assert_failed
    stm32f10x_adc.o(i.ADC_AnalogWatchdogSingleChannelConfig) refers to startup.o(i.assert_failed) for assert_failed
    stm32f10x_adc.o(i.ADC_AnalogWatchdogThresholdsConfig) refers to startup.o(i.assert_failed) for assert_failed
    stm32f10x_adc.o(i.ADC_AutoInjectedConvCmd) refers to startup.o(i.assert_failed) for assert_failed
    stm32f10x_adc.o(i.ADC_ClearFlag) refers to startup.o(i.assert_failed) for assert_failed
    stm32f10x_adc.o(i.ADC_ClearITPendingBit) refers to startup.o(i.assert_failed) for assert_failed
    stm32f10x_adc.o(i.ADC_Cmd) refers to startup.o(i.assert_failed) for assert_failed
    stm32f10x_adc.o(i.ADC_DMACmd) refers to startup.o(i.assert_failed) for assert_failed
    stm32f10x_adc.o(i.ADC_DeInit) refers to startup.o(i.assert_failed) for assert_failed
    stm32f10x_adc.o(i.ADC_DeInit) refers to stm32f10x_rcc.o(i.RCC_APB2PeriphResetCmd) for RCC_APB2PeriphResetCmd
    stm32f10x_adc.o(i.ADC_DiscModeChannelCountConfig) refers to startup.o(i.assert_failed) for assert_failed
    stm32f10x_adc.o(i.ADC_DiscModeCmd) refers to startup.o(i.assert_failed) for assert_failed
    stm32f10x_adc.o(i.ADC_ExternalTrigConvCmd) refers to startup.o(i.assert_failed) for assert_failed
    stm32f10x_adc.o(i.ADC_ExternalTrigInjectedConvCmd) refers to startup.o(i.assert_failed) for assert_failed
    stm32f10x_adc.o(i.ADC_ExternalTrigInjectedConvConfig) refers to startup.o(i.assert_failed) for assert_failed
    stm32f10x_adc.o(i.ADC_GetCalibrationStatus) refers to startup.o(i.assert_failed) for assert_failed
    stm32f10x_adc.o(i.ADC_GetConversionValue) refers to startup.o(i.assert_failed) for assert_failed
    stm32f10x_adc.o(i.ADC_GetFlagStatus) refers to startup.o(i.assert_failed) for assert_failed
    stm32f10x_adc.o(i.ADC_GetITStatus) refers to startup.o(i.assert_failed) for assert_failed
    stm32f10x_adc.o(i.ADC_GetInjectedConversionValue) refers to startup.o(i.assert_failed) for assert_failed
    stm32f10x_adc.o(i.ADC_GetResetCalibrationStatus) refers to startup.o(i.assert_failed) for assert_failed
    stm32f10x_adc.o(i.ADC_GetSoftwareStartConvStatus) refers to startup.o(i.assert_failed) for assert_failed
    stm32f10x_adc.o(i.ADC_GetSoftwareStartInjectedConvCmdStatus) refers to startup.o(i.assert_failed) for assert_failed
    stm32f10x_adc.o(i.ADC_ITConfig) refers to startup.o(i.assert_failed) for assert_failed
    stm32f10x_adc.o(i.ADC_Init) refers to startup.o(i.assert_failed) for assert_failed
    stm32f10x_adc.o(i.ADC_InjectedChannelConfig) refers to startup.o(i.assert_failed) for assert_failed
    stm32f10x_adc.o(i.ADC_InjectedDiscModeCmd) refers to startup.o(i.assert_failed) for assert_failed
    stm32f10x_adc.o(i.ADC_InjectedSequencerLengthConfig) refers to startup.o(i.assert_failed) for assert_failed
    stm32f10x_adc.o(i.ADC_RegularChannelConfig) refers to startup.o(i.assert_failed) for assert_failed
    stm32f10x_adc.o(i.ADC_ResetCalibration) refers to startup.o(i.assert_failed) for assert_failed
    stm32f10x_adc.o(i.ADC_SetInjectedOffset) refers to startup.o(i.assert_failed) for assert_failed
    stm32f10x_adc.o(i.ADC_SoftwareStartConvCmd) refers to startup.o(i.assert_failed) for assert_failed
    stm32f10x_adc.o(i.ADC_SoftwareStartInjectedConvCmd) refers to startup.o(i.assert_failed) for assert_failed
    stm32f10x_adc.o(i.ADC_StartCalibration) refers to startup.o(i.assert_failed) for assert_failed
    stm32f10x_adc.o(i.ADC_TempSensorVrefintCmd) refers to startup.o(i.assert_failed) for assert_failed
    stm32f10x_bkp.o(i.BKP_DeInit) refers to stm32f10x_rcc.o(i.RCC_BackupResetCmd) for RCC_BackupResetCmd
    stm32f10x_bkp.o(i.BKP_ITConfig) refers to startup.o(i.assert_failed) for assert_failed
    stm32f10x_bkp.o(i.BKP_RTCOutputConfig) refers to startup.o(i.assert_failed) for assert_failed
    stm32f10x_bkp.o(i.BKP_ReadBackupRegister) refers to startup.o(i.assert_failed) for assert_failed
    stm32f10x_bkp.o(i.BKP_SetRTCCalibrationValue) refers to startup.o(i.assert_failed) for assert_failed
    stm32f10x_bkp.o(i.BKP_TamperPinCmd) refers to startup.o(i.assert_failed) for assert_failed
    stm32f10x_bkp.o(i.BKP_TamperPinLevelConfig) refers to startup.o(i.assert_failed) for assert_failed
[...]
    ID_cnt                                   0x2000008c   Data           1  usart2.o(.data)
    .data                                    0x20000090   Section       22  screen.o(.data)
    heart_beat_lose_cnt                      0x20000090   Data           1  screen.o(.data)
    .data                                    0x200000a6   Section       18  wifi.o(.data)
    .data                                    0x200000b8   Section       76  led.o(.data)
    isInit                                   0x200000b8   Data           1  led.o(.data)
    led_port                                 0x200000bc   Data          24  led.o(.data)
    led_pin                                  0x200000d4   Data          24  led.o(.data)
    led_polarity                             0x200000ec   Data          24  led.o(.data)
    .data                                    0x20000104   Section      433  ledseq.o(.data)
    sequences                                0x20000104   Data          40  ledseq.o(.data)
    isInit                                   0x200002b4   Data           1  ledseq.o(.data)
    .data                                    0x200002b8   Section        4  clock.o(.data)
    rt_tick                                  0x200002b8   Data           4  clock.o(.data)
    .data                                    0x200002bc   Section        4  idle.o(.data)
    rt_thread_idle_hook                      0x200002bc   Data           4  idle.o(.data)
    .data                                    0x200002c0   Section        1  irq.o(.data)
    .data                                    0x200002c4   Section       12  kservice.o(.data)
    _errno                                   0x200002c4   Data           4  kservice.o(.data)
    _console_device                          0x200002c8   Data           4  kservice.o(.data)
    .data                                    0x200002d0   Section       32  mem.o(.data)
    rt_malloc_hook                           0x200002d0   Data           4  mem.o(.data)
    rt_free_hook                             0x200002d4   Data           4  mem.o(.data)
    heap_ptr                                 0x200002d8   Data           4  mem.o(.data)
    heap_end                                 0x200002dc   Data           4  mem.o(.data)
    lfree                                    0x200002e0   Data           4  mem.o(.data)
    mem_size_aligned                         0x200002e4   Data           4  mem.o(.data)
    used_mem                                 0x200002e8   Data           4  mem.o(.data)
    max_mem                                  0x200002ec   Data           4  mem.o(.data)
    .data                                    0x200002f0   Section      164  object.o(.data)
    rt_object_attach_hook                    0x20000380   Data           4  object.o(.data)
    rt_object_detach_hook                    0x20000384   Data           4  object.o(.data)
    .data                                    0x20000394   Section       28  scheduler.o(.data)
    rt_scheduler_lock_nest                   0x20000394   Data           2  scheduler.o(.data)
    rt_scheduler_hook                        0x200003ac   Data           4  scheduler.o(.data)
    .data                                    0x200003b0   Section       24  timer.o(.data)
    rt_timer_list                            0x200003b0   Data           8  timer.o(.data)
    rt_soft_timer_list                       0x200003b8   Data           8  timer.o(.data)
    rt_timer_timeout_hook                    0x200003c0   Data           4  timer.o(.data)
    random_nr                                0x200003c4   Data           4  timer.o(.data)
    .data                                    0x200003c8   Section       16  cpuport.o(.data)
    rt_exception_hook                        0x200003d4   Data           4  cpuport.o(.data)
    .bss                                     0x200003d8   Section     5248  application.o(.bss)
    led_stack                                0x200003d8   Data         512  application.o(.bss)
    led_thread                               0x200005d8   Data         128  application.o(.bss)
    cc3200_stack                             0x20000658   Data        4096  application.o(.bss)
    cc3200_thread                            0x20001658   Data         128  application.o(.bss)
    Key_stack                                0x200016d8   Data         256  application.o(.bss)
    Key_thread                               0x200017d8   Data         128  application.o(.bss)
    .bss                                     0x20001858   Section      168  usart.o(.bss)
    .bss                                     0x20001900   Section       31  cc3200.o(.bss)
    .bss                                     0x20001920   Section     1482  usart2.o(.bss)
    .bss                                     0x20001eec   Section      268  screen.o(.bss)
    .bss                                     0x20001ff8   Section      288  wifi.o(.bss)
    .bss                                     0x20002118   Section      320  ledseq.o(.bss)
    timer_led                                0x20002118   Data          24  ledseq.o(.bss)
    state                                    0x20002130   Data         240  ledseq.o(.bss)
    activeSeq                                0x20002220   Data          24  ledseq.o(.bss)
    .bss                                     0x20002258   Section      384  idle.o(.bss)
    idle                                     0x20002258   Data         128  idle.o(.bss)
    rt_thread_stack                          0x200022d8   Data         256  idle.o(.bss)
    .bss                                     0x200023d8   Section      128  kservice.o(.bss)
    rt_log_buf                               0x200023d8   Data         128  kservice.o(.bss)
    .bss                                     0x20002458   Section       32  mem.o(.bss)
    heap_sem                                 0x20002458   Data          32  mem.o(.bss)
    .bss                                     0x20002478   Section      256  scheduler.o(.bss)
    .bss                                     0x20002578   Section      640  timer.o(.bss)
    timer_thread                             0x20002578   Data         128  timer.o(.bss)
    timer_thread_stack                       0x200025f8   Data         512  timer.o(.bss)
    .bss                                     0x200027f8   Section       96  libspace.o(.bss)
    HEAP                                     0x20002858   Section      512  startup_stm32f10x_hd.o(HEAP)
    Heap_Mem                                 0x20002858   Data         512  startup_stm32f10x_hd.o(HEAP)
    STACK                                    0x20002a58   Section     1024  startup_stm32f10x_hd.o(STACK)
    Stack_Mem                                0x20002a58   Data        1024  startup_stm32f10x_hd.o(STACK)
    __initial_sp                             0x20002e58   Data           0  startup_stm32f10x_hd.o(STACK)

    Global Symbols

    Symbol Name                              Value     Ov Type        Size  Object(Section)

    BuildAttributes$$THM_ISAv4$P$D$K$B$S$PE$A:L22UL41UL21$X:L11$S22US41US21$IEEE1$IW$USESV6$~STKCKD$USESV7$~SHL$OSPACE$ROPI$EBA8$UX$STANDARDLIB$REQ8$PRES8$EABIv2 0x00000000   Number         0  anon$$obj.o ABSOLUTE
    __ARM_use_no_argv                        0x00000000   Number         0  startup.o ABSOLUTE
    __ARM_exceptions_init                     - Undefined Weak Reference
    __alloca_initialize                       - Undefined Weak Reference
    __arm_preinit_                            - Undefined Weak Reference
    __cpp_initialize__aeabi_                  - Undefined Weak Reference
    __cxa_finalize                            - Undefined Weak Reference
    __rt_locale                               - Undefined Weak Reference
    __sigvec_lookup                           - Undefined Weak Reference
    _atexit_init                              - Undefined Weak Reference
    _call_atexit_fns                          - Undefined Weak Reference
    _clock_init                               - Undefined Weak Reference
    _fp_trap_init                             - Undefined Weak Reference
    _fp_trap_shutdown                         - Undefined Weak Reference
    _get_lc_collate                           - Undefined Weak Reference
    _get_lc_ctype                             - Undefined Weak Reference
    _get_lc_monetary                          - Undefined Weak Reference
    _get_lc_numeric                           - Undefined Weak Reference
    _get_lc_time                              - Undefined Weak Reference
    _getenv_init                              - Undefined Weak Reference
    _handle_redirection                       - Undefined Weak Reference
    _init_alloc                               - Undefined Weak Reference
    _init_user_alloc                          - Undefined Weak Reference
    _initio                                   - Undefined Weak Reference
    _printf_mbtowc                            - Undefined Weak Reference
    _printf_post_padding                      - Undefined Weak Reference
    _printf_pre_padding                       - Undefined Weak Reference
    _printf_truncate_signed                   - Undefined Weak Reference
    _printf_truncate_unsigned                 - Undefined Weak Reference
    _rand_init                                - Undefined Weak Reference
    _signal_finish                            - Undefined Weak Reference
    _signal_init                              - Undefined Weak Reference
    _terminate_alloc                          - Undefined Weak Reference
    _terminate_user_alloc                     - Undefined Weak Reference
    _terminateio                              - Undefined Weak Reference
    __Vectors_Size                           0x00000130   Number         0  startup_stm32f10x_hd.o ABSOLUTE
    __Vectors                                0x08000000   Data           4  startup_stm32f10x_hd.o(RESET)
    __Vectors_End                            0x08000130   Data           0  startup_stm32f10x_hd.o(RESET)
    __main                                   0x08000131   Thumb Code     8  __main.o(!!!main)
    __scatterload                            0x08000139   Thumb Code     0  __scatter.o(!!!scatter)
    __scatterload_rt2                        0x08000139   Thumb Code    44  __scatter.o(!!!scatter)
    __scatterload_rt2_thumb_only             0x08000139   Thumb Code     0  __scatter.o(!!!scatter)
    __scatterload_null                       0x08000147   Thumb Code     0  __scatter.o(!!!scatter)
    __decompress                             0x0800016d   Thumb Code    90  __dczerorl2.o(!!dczerorl2)
    __decompress1                            0x0800016d   Thumb Code     0  __dczerorl2.o(!!dczerorl2)
    __scatterload_zeroinit                   0x080001c9   Thumb Code    28  __scatter_zi.o(!!handler_zi)
    _printf_d                                0x080001e5   Thumb Code     0  _printf_d.o(.ARM.Collect$$_printf_percent$$00000009)
    _printf_percent                          0x080001e5   Thumb Code     0  _printf_percent.o(.ARM.Collect$$_printf_percent$$00000000)
    _printf_s                                0x080001eb   Thumb Code     0  _printf_s.o(.ARM.Collect$$_printf_percent$$00000014)
    _printf_percent_end                      0x080001f1   Thumb Code     0  _printf_percent_end.o(.ARM.Collect$$_printf_percent$$00000017)
    __rt_lib_init                            0x080001f5   Thumb Code     0  libinit.o(.ARM.Collect$$libinit$$00000000)
    __rt_lib_init_alloca_1                   0x080001f7   Thumb Code     0  libinit2.o(.ARM.Collect$$libinit$$0000002E)
    __rt_lib_init_argv_1                     0x080001f7   Thumb Code     0  libinit2.o(.ARM.Collect$$libinit$$0000002C)
    __rt_lib_init_atexit_1                   0x080001f7   Thumb Code     0  libinit2.o(.ARM.Collect$$libinit$$0000001B)
    __rt_lib_init_clock_1                    0x080001f7   Thumb Code     0  libinit2.o(.ARM.Collect$$libinit$$00000021)
    __rt_lib_init_cpp_1                      0x080001f7   Thumb Code     0  libinit2.o(.ARM.Collect$$libinit$$00000032)
    __rt_lib_init_exceptions_1               0x080001f7   Thumb Code     0  libinit2.o(.ARM.Collect$$libinit$$00000030)
    __rt_lib_init_fp_1                       0x080001f7   Thumb Code     0  libinit2.o(.ARM.Collect$$libinit$$00000002)
    __rt_lib_init_fp_trap_1                  0x080001f7   Thumb Code     0  libinit2.o(.ARM.Collect$$libinit$$0000001F)
    __rt_lib_init_getenv_1                   0x080001f7   Thumb Code     0  libinit2.o(.ARM.Collect$$libinit$$00000023)
    __rt_lib_init_heap_1                     0x080001f7   Thumb Code     0  libinit2.o(.ARM.Collect$$libinit$$0000000A)
    __rt_lib_init_lc_collate_1               0x080001f7   Thumb Code     0  libinit2.o(.ARM.Collect$$libinit$$00000011)
    __rt_lib_init_lc_ctype_1                 0x080001f7   Thumb Code     0  libinit2.o(.ARM.Collect$$libinit$$00000013)
    __rt_lib_init_lc_monetary_1              0x080001f7   Thumb Code     0  libinit2.o(.ARM.Collect$$libinit$$00000015)
    __rt_lib_init_lc_numeric_1               0x080001f7   Thumb Code     0  libinit2.o(.ARM.Collect$$libinit$$00000017)
    __rt_lib_init_lc_time_1                  0x080001f7   Thumb Code     0  libinit2.o(.ARM.Collect$$libinit$$00000019)
    __rt_lib_init_preinit_1                  0x080001f7   Thumb Code     0  libinit2.o(.ARM.Collect$$libinit$$00000004)
    __rt_lib_init_rand_1                     0x080001f7   Thumb Code     0  libinit2.o(.ARM.Collect$$libinit$$0000000E)
    __rt_lib_init_return                     0x080001f7   Thumb Code     0  libinit2.o(.ARM.Collect$$libinit$$00000033)
    __rt_lib_init_signal_1                   0x080001f7   Thumb Code     0  libinit2.o(.ARM.Collect$$libinit$$0000001D)
    __rt_lib_init_stdio_1                    0x080001f7   Thumb Code     0  libinit2.o(.ARM.Collect$$libinit$$00000025)
    __rt_lib_init_user_alloc_1               0x080001f7   Thumb Code     0  libinit2.o(.ARM.Collect$$libinit$$0000000C)
    __rt_lib_shutdown                        0x080001f9   Thumb Code     0  libshutdown.o(.ARM.Collect$$libshutdown$$00000000)
    __rt_lib_shutdown_cpp_1                  0x080001fb   Thumb Code     0  libshutdown2.o(.ARM.Collect$$libshutdown$$00000002)
    __rt_lib_shutdown_fp_trap_1              0x080001fb   Thumb Code     0  libshutdown2.o(.ARM.Collect$$libshutdown$$00000007)
    __rt_lib_shutdown_heap_1                 0x080001fb   Thumb Code     0  libshutdown2.o(.ARM.Collect$$libshutdown$$0000000F)
    __rt_lib_shutdown_return                 0x080001fb   Thumb Code     0  libshutdown2.o(.ARM.Collect$$libshutdown$$00000010)
    __rt_lib_shutdown_signal_1               0x080001fb   Thumb Code     0  libshutdown2.o(.ARM.Collect$$libshutdown$$0000000A)
    __rt_lib_shutdown_stdio_1                0x080001fb   Thumb Code     0  libshutdown2.o(.ARM.Collect$$libshutdown$$00000004)
    __rt_lib_shutdown_user_alloc_1           0x080001fb   Thumb Code     0  libshutdown2.o(.ARM.Collect$$libshutdown$$0000000C)
    __rt_entry                               0x080001fd   Thumb Code     0  __rtentry.o(.ARM.Collect$$rtentry$$00000000)
    __rt_entry_presh_1                       0x080001fd   Thumb Code     0  __rtentry2.o(.ARM.Collect$$rtentry$$00000002)
    __rt_entry_sh                            0x080001fd   Thumb Code     0  __rtentry4.o(.ARM.Collect$$rtentry$$00000004)
    __rt_entry_li                            0x08000203   Thumb Code     0  __rtentry2.o(.ARM.Collect$$rtentry$$0000000A)
    __rt_entry_postsh_1                      0x08000203   Thumb Code     0  __rtentry2.o(.ARM.Collect$$rtentry$$00000009)
    __rt_entry_main                          0x08000207   Thumb Code     0  __rtentry2.o(.ARM.Collect$$rtentry$$0000000D)
    __rt_entry_postli_1                      0x08000207   Thumb Code     0  __rtentry2.o(.ARM.Collect$$rtentry$$0000000C)
    __rt_exit                                0x0800020f   Thumb Code     0  rtexit.o(.ARM.Collect$$rtexit$$00000000)
    __rt_exit_ls                             0x08000211   Thumb Code     0  rtexit2.o(.ARM.Collect$$rtexit$$00000003)
    __rt_exit_prels_1                        0x08000211   Thumb Code     0  rtexit2.o(.ARM.Collect$$rtexit$$00000002)
    __rt_exit_exit                           0x08000215   Thumb Code     0  rtexit2.o(.ARM.Collect$$rtexit$$00000004)
    Reset_Handler                            0x0800021d   Thumb Code     8  startup_stm32f10x_hd.o(.text)
    ADC1_2_IRQHandler                        0x08000237   Thumb Code     0  startup_stm32f10x_hd.o(.text)
    ADC3_IRQHandler                          0x08000237   Thumb Code     0  startup_stm32f10x_hd.o(.text)
    CAN1_RX1_IRQHandler                      0x08000237   Thumb Code     0  startup_stm32f10x_hd.o(.text)
    CAN1_SCE_IRQHandler                      0x08000237   Thumb Code     0  startup_stm32f10x_hd.o(.text)
    DMA1_Channel1_IRQHandler                 0x08000237   Thumb Code     0  startup_stm32f10x_hd.o(.text)
    DMA1_Channel2_IRQHandler                 0x08000237   Thumb Code     0  startup_stm32f10x_hd.o(.text)
    DMA1_Channel3_IRQHandler                 0x08000237   Thumb Code     0  startup_stm32f10x_hd.o(.text)
    DMA1_Channel4_IRQHandler                 0x08000237   Thumb Code     0  startup_stm32f10x_hd.o(.text)
    DMA1_Channel5_IRQHandler                 0x08000237   Thumb Code     0  startup_stm32f10x_hd.o(.text)
    DMA1_Channel6_IRQHandler                 0x08000237   Thumb Code     0  startup_stm32f10x_hd.o(.text)
    DMA1_Channel7_IRQHandler                 0x08000237   Thumb Code     0  startup_stm32f10x_hd.o(.text)
    DMA2_Channel1_IRQHandler                 0x08000237   Thumb Code     0  startup_stm32f10x_hd.o(.text)
    DMA2_Channel2_IRQHandler                 0x08000237   Thumb Code     0  startup_stm32f10x_hd.o(.text)
    DMA2_Channel3_IRQHandler                 0x08000237   Thumb Code     0  startup_stm32f10x_hd.o(.text)
    DMA2_Channel4_5_IRQHandler               0x08000237   Thumb Code     0  startup_stm32f10x_hd.o(.text)
    EXTI0_IRQHandler                         0x08000237   Thumb Code     0  startup_stm32f10x_hd.o(.text)
    EXTI15_10_IRQHandler                     0x08000237   Thumb Code     0  startup_stm32f10x_hd.o(.text)
    EXTI1_IRQHandler                         0x08000237   Thumb Code     0  startup_stm32f10x_hd.o(.text)
    EXTI2_IRQHandler                         0x08000237   Thumb Code     0  startup_stm32f10x_hd.o(.text)
    EXTI3_IRQHandler                         0x08000237   Thumb Code     0  startup_stm32f10x_hd.o(.text)
    EXTI4_IRQHandler                         0x08000237   Thumb Code     0  startup_stm32f10x_hd.o(.text)
    EXTI9_5_IRQHandler                       0x08000237   Thumb Code     0  startup_stm32f10x_hd.o(.text)
    FLASH_IRQHandler                         0x08000237   Thumb Code     0  startup_stm32f10x_hd.o(.text)
    FSMC_IRQHandler                          0x08000237   Thumb Code     0  startup_stm32f10x_hd.o(.text)
    I2C1_ER_IRQHandler                       0x08000237   Thumb Code     0  startup_stm32f10x_hd.o(.text)
    I2C1_EV_IRQHandler                       0x08000237   Thumb Code     0  startup_stm32f10x_hd.o(.text)
    I2C2_ER_IRQHandler                       0x08000237   Thumb Code     0  startup_stm32f10x_hd.o(.text)
    I2C2_EV_IRQHandler                       0x08000237   Thumb Code     0  startup_stm32f10x_hd.o(.text)
    PVD_IRQHandler                           0x08000237   Thumb Code     0  startup_stm32f10x_hd.o(.text)
    RCC_IRQHandler                           0x08000237   Thumb Code     0  startup_stm32f10x_hd.o(.text)
    RTCAlarm_IRQHandler                      0x08000237   Thumb Code     0  startup_stm32f10x_hd.o(.text)
    RTC_IRQHandler                           0x08000237   Thumb Code     0  startup_stm32f10x_hd.o(.text)
    SDIO_IRQHandler                          0x08000237   Thumb Code     0  startup_stm32f10x_hd.o(.text)
    SPI1_IRQHandler                          0x08000237   Thumb Code     0  startup_stm32f10x_hd.o(.text)
    SPI2_IRQHandler                          0x08000237   Thumb Code     0  startup_stm32f10x_hd.o(.text)
    SPI3_IRQHandler                          0x08000237   Thumb Code     0  startup_stm32f10x_hd.o(.text)
    TAMPER_IRQHandler                        0x08000237   Thumb Code     0  startup_stm32f10x_hd.o(.text)
    TIM1_BRK_IRQHandler                      0x08000237   Thumb Code     0  startup_stm32f10x_hd.o(.text)
    TIM1_CC_IRQHandler                       0x08000237   Thumb Code     0  startup_stm32f10x_hd.o(.text)
    TIM1_TRG_COM_IRQHandler                  0x08000237   Thumb Code     0  startup_stm32f10x_hd.o(.text)
    TIM1_UP_IRQHandler                       0x08000237   Thumb Code     0  startup_stm32f10x_hd.o(.text)
    TIM2_IRQHandler                          0x08000237   Thumb Code     0  startup_stm32f10x_hd.o(.text)
    TIM3_IRQHandler                          0x08000237   Thumb Code     0  startup_stm32f10x_hd.o(.text)
    TIM4_IRQHandler                          0x08000237   Thumb Code     0  startup_stm32f10x_hd.o(.text)
    TIM5_IRQHandler                          0x08000237   Thumb Code     0  startup_stm32f10x_hd.o(.text)
    TIM6_IRQHandler                          0x08000237   Thumb Code     0  startup_stm32f10x_hd.o(.text)
    TIM8_BRK_IRQHandler                      0x08000237   Thumb Code     0  startup_stm32f10x_hd.o(.text)
    TIM8_CC_IRQHandler                       0x08000237   Thumb Code     0  startup_stm32f10x_hd.o(.text)
    TIM8_TRG_COM_IRQHandler                  0x08000237   Thumb Code     0  startup_stm32f10x_hd.o(.text)
    TIM8_UP_IRQHandler                       0x08000237   Thumb Code     0  startup_stm32f10x_hd.o(.text)
    UART5_IRQHandler                         0x08000237   Thumb Code     0  startup_stm32f10x_hd.o(.text)
    USBWakeUp_IRQHandler                     0x08000237   Thumb Code     0  startup_stm32f10x_hd.o(.text)
    USB_HP_CAN1_TX_IRQHandler                0x08000237   Thumb Code     0  startup_stm32f10x_hd.o(.text)
    USB_LP_CAN1_RX0_IRQHandler               0x08000237   Thumb Code     0  startup_stm32f10x_hd.o(.text)
    WWDG_IRQHandler                          0x08000237   Thumb Code     0  startup_stm32f10x_hd.o(.text)
    __user_initial_stackheap                 0x08000239   Thumb Code     0  startup_stm32f10x_hd.o(.text)
    rt_hw_interrupt_disable                  0x0800025d   Thumb Code     8  context_rvds.o(.text)
    rt_hw_interrupt_enable                   0x08000265   Thumb Code     6  context_rvds.o(.text)
    rt_hw_context_switch                     0x0800026b   Thumb Code    32  context_rvds.o(.text)
    rt_hw_context_switch_interrupt           0x0800026b   Thumb Code     0  context_rvds.o(.text)
    PendSV_Handler                           0x0800028b   Thumb Code    60  context_rvds.o(.text)
    rt_hw_context_switch_to                  0x080002c7   Thumb Code    56  context_rvds.o(.text)
    rt_hw_interrupt_thread_switch            0x080002ff   Thumb Code     2  context_rvds.o(.text)
    HardFault_Handler                        0x08000301   Thumb Code    48  context_rvds.o(.text)
    __2sprintf                               0x08000349   Thumb Code    34  noretval__2sprintf.o(.text)
    __printf                                 0x08000371   Thumb Code   104  __printf.o(.text)
    _printf_str                              0x080003d9   Thumb Code    82  _printf_str.o(.text)
    _printf_int_dec                          0x0800042d   Thumb Code   104  _printf_dec.o(.text)
    strstr                                   0x080004a5   Thumb Code    36  strstr.o(.text)
    strlen                                   0x080004c9   Thumb Code    62  strlen.o(.text)
    __aeabi_memclr4                          0x08000507   Thumb Code     0  rt_memclr_w.o(.text)
    __aeabi_memclr8                          0x08000507   Thumb Code     0  rt_memclr_w.o(.text)
    __rt_memclr_w                            0x08000507   Thumb Code    78  rt_memclr_w.o(.text)
    _memset_w                                0x0800050b   Thumb Code     0  rt_memclr_w.o(.text)
    __use_two_region_memory                  0x08000555   Thumb Code     2  heapauxi.o(.text)
    __rt_heap_escrow$2region                 0x08000557   Thumb Code     2  heapauxi.o(.text)
    __rt_heap_expand$2region                 0x08000559   Thumb Code     2  heapauxi.o(.text)
    _printf_int_common                       0x0800055b   Thumb Code   178  _printf_intcommon.o(.text)
    _printf_char_common                      0x08000617   Thumb Code    32  _printf_char_common.o(.text)
    _sputc                                   0x0800063d   Thumb Code    10  _sputc.o(.text)
    _printf_cs_common                        0x08000647   Thumb Code    20  _printf_char.o(.text)
    _printf_char                             0x0800065b   Thumb Code    16  _printf_char.o(.text)
    _printf_string                           0x0800066b   Thumb Code     8  _printf_char.o(.text)
    __user_setup_stackheap                   0x08000673   Thumb Code    74  sys_stackheap_outer.o(.text)
    exit                                     0x080006bd   Thumb Code    18  exit.o(.text)
    __user_libspace                          0x080006d1   Thumb Code     8  libspace.o(.text)
    __user_perproc_libspace                  0x080006d1   Thumb Code     0  libspace.o(.text)
    __user_perthread_libspace                0x080006d1   Thumb Code     0  libspace.o(.text)
    _sys_exit                                0x080006d9   Thumb Code     8  sys_exit.o(.text)
    __I$use$semihosting                      0x080006e5   Thumb Code     0  use_no_semi.o(.text)
    __use_no_semihosting_swi                 0x080006e5   Thumb Code     2  use_no_semi.o(.text)
    ASCII_to_binary                          0x080006e7   Thumb Code    36  cc3200.o(i.ASCII_to_binary)
    __semihosting_library_function           0x080006e7   Thumb Code     0  indicate_semi.o(.text)
    BusFault_Handler                         0x0800070b   Thumb Code     4  stm32f10x_it.o(i.BusFault_Handler)
    DebugMon_Handler                         0x0800070f   Thumb Code     2  stm32f10x_it.o(i.DebugMon_Handler)
    GPIO_Init                                0x08000779   Thumb Code   378  stm32f10x_gpio.o(i.GPIO_Init)
    GPIO_PinRemapConfig                      0x08000951   Thumb Code   454  stm32f10x_gpio.o(i.GPIO_PinRemapConfig)
    GPIO_ReadInputData                       0x08000ba9   Thumb Code    64  stm32f10x_gpio.o(i.GPIO_ReadInputData)
    GPIO_ReadInputDataBit                    0x08000c45   Thumb Code   170  stm32f10x_gpio.o(i.GPIO_ReadInputDataBit)
    GPIO_ResetBits                           0x08000d4d   Thumb Code    82  stm32f10x_gpio.o(i.GPIO_ResetBits)
    GPIO_SetBits                             0x08000dfd   Thumb Code    82  stm32f10x_gpio.o(i.GPIO_SetBits)
    KeyRead                                  0x08000ead   Thumb Code    48  key.o(i.KeyRead)
    MAC_to_binary                            0x08000fb9   Thumb Code   112  cc3200.o(i.MAC_to_binary)
    MemManage_Handler                        0x08001029   Thumb Code     4  stm32f10x_it.o(i.MemManage_Handler)
    NMI_Handler                              0x0800102d   Thumb Code     2  stm32f10x_it.o(i.NMI_Handler)
    NVIC_Configuration                       0x0800102f   Thumb Code    14  board.o(i.NVIC_Configuration)
    NVIC_Init                                0x08001061   Thumb Code   158  misc.o(i.NVIC_Init)
    NVIC_SetVectorTable                      0x08001141   Thumb Code    58  misc.o(i.NVIC_SetVectorTable)
    RCC_APB1PeriphClockCmd                   0x080011bd   Thumb Code    70  stm32f10x_rcc.o(i.RCC_APB1PeriphClockCmd)
    RCC_APB1PeriphResetCmd                   0x08001249   Thumb Code    70  stm32f10x_rcc.o(i.RCC_APB1PeriphResetCmd)
    RCC_APB2PeriphClockCmd                   0x080012d5   Thumb Code    70  stm32f10x_rcc.o(i.RCC_APB2PeriphClockCmd)
    RCC_APB2PeriphResetCmd                   0x08001361   Thumb Code    70  stm32f10x_rcc.o(i.RCC_APB2PeriphResetCmd)
    RCC_GetClocksFreq                        0x08001411   Thumb Code   192  stm32f10x_rcc.o(i.RCC_GetClocksFreq)
    SPI_Cmd                                  0x080014e5   Thumb Code    78  stm32f10x_spi.o(i.SPI_Cmd)
    SPI_FLASH_BufferRead                     0x0800157d   Thumb Code    76  spi_flash.o(i.SPI_FLASH_BufferRead)
    SPI_FLASH_BufferWrite                    0x080015cd   Thumb Code   290  spi_flash.o(i.SPI_FLASH_BufferWrite)
    SPI_FLASH_ChipErase                      0x080016f1   Thumb Code    34  spi_flash.o(i.SPI_FLASH_ChipErase)
    SPI_FLASH_Init                           0x08001719   Thumb Code   174  spi_flash.o(i.SPI_FLASH_Init)
    SPI_FLASH_PageWrite                      0x080017d1   Thumb Code    92  spi_flash.o(i.SPI_FLASH_PageWrite)
    SPI_FLASH_SectorErase                    0x08001831   Thumb Code    64  spi_flash.o(i.SPI_FLASH_SectorErase)
    SPI_FLASH_SendByte                       0x08001875   Thumb Code    50  spi_flash.o(i.SPI_FLASH_SendByte)
    SPI_FLASH_WaitForWriteEnd                0x080018ad   Thumb Code    46  spi_flash.o(i.SPI_FLASH_WaitForWriteEnd)
    SPI_FLASH_WriteEnable                    0x080018e1   Thumb Code    26  spi_flash.o(i.SPI_FLASH_WriteEnable)
    SPI_I2S_GetFlagStatus                    0x08001901   Thumb Code    98  stm32f10x_spi.o(i.SPI_I2S_GetFlagStatus)
    SPI_I2S_ReceiveData                      0x080019ad   Thumb Code    38  stm32f10x_spi.o(i.SPI_I2S_ReceiveData)
    SPI_I2S_SendData                         0x08001a1d   Thumb Code    40  stm32f10x_spi.o(i.SPI_I2S_SendData)
    SPI_Init                                 0x08001a8d   Thumb Code   328  stm32f10x_spi.o(i.SPI_Init)
    SVC_Handler                              0x08001c1d   Thumb Code     2  stm32f10x_it.o(i.SVC_Handler)
    ScreenRecSeqIn                           0x08001c21   Thumb Code   136  screen.o(i.ScreenRecSeqIn)
    ScreenRecSeqInit                         0x08001cb1   Thumb Code    12  screen.o(i.ScreenRecSeqInit)
    ScreenRecSeqOut                          0x08001cc1   Thumb Code    84  screen.o(i.ScreenRecSeqOut)
    Screen_data_analize                      0x08001d19   Thumb Code   490  screen.o(i.Screen_data_analize)
    SysTick_Handler                          0x08002001   Thumb Code    50  board.o(i.SysTick_Handler)
    SystemInit                               0x0800203d   Thumb Code    78  system_stm32f10x.o(i.SystemInit)
    TIM7_IRQHandler                          0x0800209d   Thumb Code    42  usart2.o(i.TIM7_IRQHandler)
    TIM7_Int_Init                            0x080020d1   Thumb Code    90  usart2.o(i.TIM7_Int_Init)
    TIM_ClearITPendingBit                    0x08002131   Thumb Code   146  stm32f10x_tim.o(i.TIM_ClearITPendingBit)
    TIM_Cmd                                  0x08002241   Thumb Code   162  stm32f10x_tim.o(i.TIM_Cmd)
    TIM_GetITStatus                          0x08002361   Thumb Code   204  stm32f10x_tim.o(i.TIM_GetITStatus)
    TIM_ITConfig                             0x080024a9   Thumb Code   178  stm32f10x_tim.o(i.TIM_ITConfig)
    TIM_SetCounter                           0x080025d9   Thumb Code   124  stm32f10x_tim.o(i.TIM_SetCounter)
    TIM_TimeBaseInit                         0x080026d1   Thumb Code   308  stm32f10x_tim.o(i.TIM_TimeBaseInit)
    UART4_IRQHandler                         0x08002881   Thumb Code    84  usart.o(i.UART4_IRQHandler)
    USART1_IRQHandler                        0x080028dd   Thumb Code   282  usart2.o(i.USART1_IRQHandler)
    USART2_IRQHandler                        0x08002a1d   Thumb Code   568  usart2.o(i.USART2_IRQHandler)
    USART2_SendByte                          0x08002c8d   Thumb Code    38  cc3200.o(i.USART2_SendByte)
    USART2_Send_ATCmd                        0x08002cb9   Thumb Code    32  cc3200.o(i.USART2_Send_ATCmd)
    USART3_IRQHandler                        0x08002cd9   Thumb Code    84  usart.o(i.USART3_IRQHandler)
    USART_ClearITPendingBit                  0x08002d35   Thumb Code   152  stm32f10x_usart.o(i.USART_ClearITPendingBit)
    USART_ClockInit                          0x08002e21   Thumb Code   162  stm32f10x_usart.o(i.USART_ClockInit)
    USART_Cmd                                0x08002f11   Thumb Code    90  stm32f10x_usart.o(i.USART_Cmd)
    USART_DeInit                             0x08002fc1   Thumb Code   174  stm32f10x_usart.o(i.USART_DeInit)
    USART_GetFlagStatus                      0x080030c5   Thumb Code   158  stm32f10x_usart.o(i.USART_GetFlagStatus)
    USART_GetITStatus                        0x080031b9   Thumb Code   252  stm32f10x_usart.o(i.USART_GetITStatus)
    USART_ITConfig                           0x08003309   Thumb Code   248  stm32f10x_usart.o(i.USART_ITConfig)
    USART_Init                               0x08003455   Thumb Code   450  stm32f10x_usart.o(i.USART_Init)
    USART_ReceiveData                        0x08003671   Thumb Code    54  stm32f10x_usart.o(i.USART_ReceiveData)
    Uart2_Put_Buf                            0x080036fd   Thumb Code    64  usart2.o(i.Uart2_Put_Buf)
    UsageFault_Handler                       0x08003749   Thumb Code     4  stm32f10x_it.o(i.UsageFault_Handler)
    __rt_ffs                                 0x0800374d   Thumb Code    70  kservice.o(i.__rt_ffs)
    assert_failed                            0x08003c51   Thumb Code    30  startup.o(i.assert_failed)
    cc3200_Hardware_Reset                    0x08003cc1   Thumb Code    40  cc3200.o(i.cc3200_Hardware_Reset)
    cc3200_check_cmd                         0x08003ced   Thumb Code    44  cc3200.o(i.cc3200_check_cmd)
    cc3200_get_MAC                           0x08003d21   Thumb Code   100  cc3200.o(i.cc3200_get_MAC)
    cc3200_get_staip                         0x08003dc1   Thumb Code   204  cc3200.o(i.cc3200_get_staip)
    cc3200_init                              0x08003ea9   Thumb Code    78  cc3200.o(i.cc3200_init)
    cc3200_reconnect                         0x08003efd   Thumb Code   228  cc3200.o(i.cc3200_reconnect)
    cc3200_send_cmd                          0x08004075   Thumb Code    82  cc3200.o(i.cc3200_send_cmd)
    cc3200_set_udpIP                         0x080040cd   Thumb Code   170  cc3200.o(i.cc3200_set_udpIP)
    cc3200_set_udpPort                       0x0800420d   Thumb Code   154  cc3200.o(i.cc3200_set_udpPort)
    cc3200_smartcfg                          0x08004331   Thumb Code   250  cc3200.o(i.cc3200_smartcfg)
    cc3200_start                             0x08004505   Thumb Code    30  cc3200.o(i.cc3200_start)
    key_init                                 0x08004861   Thumb Code    34  key.o(i.key_init)
    key_scan                                 0x08004889   Thumb Code    80  key.o(i.key_scan)
    ledSet                                   0x080048d9   Thumb Code    48  led.o(i.ledSet)
    ledseq_init                              0x08004961   Thumb Code   124  ledseq.o(i.ledseq_init)
    ledseq_run                               0x08004a0d   Thumb Code    82  ledseq.o(i.ledseq_run)
    ledseq_stop                              0x08004a71   Thumb Code    74  ledseq.o(i.ledseq_stop)
    main                                     0x08004ac9   Thumb Code    14  startup.o(i.main)
    rt_application_init                      0x08004d71   Thumb Code   158  application.o(i.rt_application_init)
    rt_assert_handler                        0x08004e51   Thumb Code    56  kservice.o(i.rt_assert_handler)
    rt_completion_done                       0x08004ec5   Thumb Code    76  completion.o(i.rt_completion_done)
    rt_completion_init                       0x08004f2d   Thumb Code    42  completion.o(i.rt_completion_init)
    rt_completion_wait                       0x08004f75   Thumb Code   198  completion.o(i.rt_completion_wait)
    rt_components_board_init                 0x080050b1   Thumb Code    20  components.o(i.rt_components_board_init)
    rt_components_init                       0x080050cd   Thumb Code    20  components.o(i.rt_components_init)
    rt_console_set_device                    0x080050e9   Thumb Code    48  kservice.o(i.rt_console_set_device)
    rt_data_queue_init                       0x0800511d   Thumb Code    78  dataqueue.o(i.rt_data_queue_init)
    rt_data_queue_peak                       0x08005185   Thumb Code    94  dataqueue.o(i.rt_data_queue_peak)
    rt_data_queue_pop                        0x080051fd   Thumb Code   340  dataqueue.o(i.rt_data_queue_pop)
    rt_data_queue_push                       0x080053b5   Thumb Code   276  dataqueue.o(i.rt_data_queue_push)
    rt_device_close                          0x08005509   Thumb Code    68  device.o(i.rt_device_close)
    rt_device_find                           0x08005561   Thumb Code    76  device.o(i.rt_device_find)
    rt_device_open                           0x080055b1   Thumb Code   136  device.o(i.rt_device_open)
    rt_device_register                       0x08005699   Thumb Code    50  device.o(i.rt_device_register)
    rt_device_write                          0x080056cd   Thumb Code    76  device.o(i.rt_device_write)
    rt_enter_critical                        0x0800572d   Thumb Code    28  scheduler.o(i.rt_enter_critical)
    rt_exit_critical                         0x0800574d   Thumb Code    54  scheduler.o(i.rt_exit_critical)
    rt_free                                  0x08005789   Thumb Code   248  mem.o(i.rt_free)
    rt_hw_board_init                         0x08005921   Thumb Code   100  board.o(i.rt_hw_board_init)
    rt_hw_console_output                     0x08005999   Thumb Code     2  kservice.o(i.rt_hw_console_output)
    rt_hw_hard_fault_exception               0x0800599d   Thumb Code   190  cpuport.o(i.rt_hw_hard_fault_exception)
    rt_hw_led_init                           0x08005b9d   Thumb Code    88  led.o(i.rt_hw_led_init)
    rt_hw_serial_isr                         0x08005c05   Thumb Code   300  serial.o(i.rt_hw_serial_isr)
    rt_hw_serial_register                    0x08005d49   Thumb Code    76  serial.o(i.rt_hw_serial_register)
    rt_hw_stack_init                         0x08005dc5   Thumb Code    70  cpuport.o(i.rt_hw_stack_init)
    rt_hw_usart_init                         0x08005e11   Thumb Code   108  usart.o(i.rt_hw_usart_init)
    rt_init_thread_entry                     0x08005ea5   Thumb Code    10  application.o(i.rt_init_thread_entry)
    rt_interrupt_enter                       0x08005eb1   Thumb Code    30  irq.o(i.rt_interrupt_enter)
    rt_interrupt_get_nest                    0x08005ed5   Thumb Code     6  irq.o(i.rt_interrupt_get_nest)
    rt_interrupt_leave                       0x08005ee1   Thumb Code    30  irq.o(i.rt_interrupt_leave)
    rt_kprintf                               0x08005f99   Thumb Code    96  kservice.o(i.rt_kprintf)
    rt_malloc                                0x080060c5   Thumb Code   520  mem.o(i.rt_malloc)
    rt_memset                                0x08006379   Thumb Code    72  kservice.o(i.rt_memset)
    rt_object_allocate                       0x080063c1   Thumb Code   132  object.o(i.rt_object_allocate)
    rt_object_delete                         0x08006479   Thumb Code    84  object.o(i.rt_object_delete)
    rt_object_detach                         0x08006515   Thumb Code    56  object.o(i.rt_object_detach)
    rt_object_init                           0x08006569   Thumb Code    76  object.o(i.rt_object_init)
    rt_object_is_systemobject                0x080065bd   Thumb Code    34  object.o(i.rt_object_is_systemobject)
    rt_schedule                              0x080065f9   Thumb Code   134  scheduler.o(i.rt_schedule)
    rt_schedule_insert_thread                0x0800669d   Thumb Code    82  scheduler.o(i.rt_schedule_insert_thread)
    rt_schedule_remove_thread                0x08006711   Thumb Code    94  scheduler.o(i.rt_schedule_remove_thread)
    rt_sem_init                              0x08006791   Thumb Code    50  ipc.o(i.rt_sem_init)
    rt_sem_release                           0x080067d9   Thumb Code    80  ipc.o(i.rt_sem_release)
    rt_sem_take                              0x0800682d   Thumb Code   266  ipc.o(i.rt_sem_take)
    rt_set_errno                             0x08006e7d   Thumb Code    36  kservice.o(i.rt_set_errno)
    rt_show_version                          0x08006ea5   Thumb Code    38  kservice.o(i.rt_show_version)
    rt_soft_timer_check                      0x08006f55   Thumb Code   150  timer.o(i.rt_soft_timer_check)
    rt_strlen                                0x08006ff5   Thumb Code    18  kservice.o(i.rt_strlen)
    rt_strncmp                               0x08007007   Thumb Code    40  kservice.o(i.rt_strncmp)
    rt_strncpy                               0x0800702f   Thumb Code    52  kservice.o(i.rt_strncpy)
    rt_system_heap_init                      0x08007065   Thumb Code   204  mem.o(i.rt_system_heap_init)
    rt_system_scheduler_init                 0x080071b5   Thumb Code    56  scheduler.o(i.rt_system_scheduler_init)
    rt_system_scheduler_start                0x08007205   Thumb Code    36  scheduler.o(i.rt_system_scheduler_start)
    rt_system_timer_init                     0x08007235   Thumb Code    24  timer.o(i.rt_system_timer_init)
    rt_system_timer_thread_init              0x08007251   Thumb Code    58  timer.o(i.rt_system_timer_thread_init)
    rt_thread_create                         0x080072a5   Thumb Code    80  thread.o(i.rt_thread_create)
    rt_thread_delay                          0x080072f5   Thumb Code    12  thread.o(i.rt_thread_delay)
    rt_thread_idle_excute                    0x0800736d   Thumb Code   154  idle.o(i.rt_thread_idle_excute)
    rt_thread_idle_init                      0x08007439   Thumb Code    38  idle.o(i.rt_thread_idle_init)
    rt_thread_init                           0x08007475   Thumb Code    74  thread.o(i.rt_thread_init)
    rt_thread_resume                         0x080074f1   Thumb Code    78  thread.o(i.rt_thread_resume)
    rt_thread_self                           0x08007559   Thumb Code     6  thread.o(i.rt_thread_self)
    rt_thread_sleep                          0x08007565   Thumb Code    76  thread.o(i.rt_thread_sleep)
    rt_thread_startup                        0x080075cd   Thumb Code    80  thread.o(i.rt_thread_startup)
    rt_thread_suspend                        0x08007655   Thumb Code    76  thread.o(i.rt_thread_suspend)
    rt_thread_timeout                        0x080076b9   Thumb Code    66  thread.o(i.rt_thread_timeout)
    rt_thread_yield                          0x0800777d   Thumb Code    88  thread.o(i.rt_thread_yield)
    rt_tick_get                              0x080077dd   Thumb Code     6  clock.o(i.rt_tick_get)
    rt_tick_increase                         0x080077e9   Thumb Code    42  clock.o(i.rt_tick_increase)
    rt_timer_check                           0x08007819   Thumb Code   148  timer.o(i.rt_timer_check)
    rt_timer_control                         0x080078b5   Thumb Code    76  timer.o(i.rt_timer_control)
    rt_timer_create                          0x08007919   Thumb Code    54  timer.o(i.rt_timer_create)
    rt_timer_detach                          0x08007951   Thumb Code    44  timer.o(i.rt_timer_detach)
    rt_timer_init                            0x08007995   Thumb Code    58  timer.o(i.rt_timer_init)
    rt_timer_start                           0x08007a05   Thumb Code   332  timer.o(i.rt_timer_start)
    rt_timer_stop                            0x08007ba1   Thumb Code    80  timer.o(i.rt_timer_stop)
    rt_vsnprintf                             0x08007c0d   Thumb Code   800  kservice.o(i.rt_vsnprintf)
    rtthread_startup                         0x08007f41   Thumb Code    44  startup.o(i.rtthread_startup)
    uart1_init                               0x080082d1   Thumb Code   214  usart2.o(i.uart1_init)
    usart2_init                              0x08008409   Thumb Code   188  usart2.o(i.usart2_init)
    wifi_ack_send                            0x080084d5   Thumb Code   522  wifi.o(i.wifi_ack_send)
    wifi_data_deal                           0x080086f9   Thumb Code   576  wifi.o(i.wifi_data_deal)
    wifi_reset                               0x0800896d   Thumb Code    72  cc3200.o(i.wifi_reset)
    wifi_send_pen_data                       0x080089f1   Thumb Code   160  wifi.o(i.wifi_send_pen_data)
    __lowest_bit_bitmap                      0x08008d85   Data         256  kservice.o(.constdata)
    __rt_init_rti_start                      0x08009328   Data           4  components.o(.rti_fn.0)
    __rt_init_rti_board_end                  0x0800932c   Data           4  components.o(.rti_fn.1.end)
    __rt_init_rti_end                        0x08009330   Data           4  components.o(.rti_fn.6.end)
    Region$$Table$$Base                      0x08009334   Number         0  anon$$obj.o(Region$$Table)
    Region$$Table$$Limit                     0x08009354   Number         0  anon$$obj.o(Region$$Table)
    SystemCoreClock                          0x20000014   Data           4  system_stm32f10x.o(.data)
    AHBPrescTable                            0x20000018   Data          16  system_stm32f10x.o(.data)
    breakpoint                               0x20000029   Data           1  application.o(.data)
    F_key_state                              0x2000002a   Data           1  application.o(.data)
    F_key_state_pre                          0x2000002b   Data           1  application.o(.data)
    F_key_longpush                           0x2000002c   Data           4  application.o(.data)
    buffertowrite                            0x20000030   Data          12  application.o(.data)
    uart3                                    0x20000040   Data           8  usart.o(.data)
    uart4                                    0x20000048   Data           8  usart.o(.data)
    socket_start                             0x20000050   Data           1  cc3200.o(.data)
    Pre_Phone_IP                             0x20000051   Data           4  cc3200.o(.data)
    Local_Port                               0x20000058   Data           4  cc3200.o(.data)
    PORT_Server                              0x2000005c   Data           4  cc3200.o(.data)
    IP_Server                                0x20000060   Data           4  cc3200.o(.data)
    PORT                                     0x20000064   Data           4  cc3200.o(.data)
    IP                                       0x20000068   Data           4  cc3200.o(.data)
    CC3200_WORKMODE_TBL                      0x2000006c   Data          16  cc3200.o(.data)
    USART2_RX_STA                            0x2000007c   Data           2  usart2.o(.data)
    USART_RX_STA                             0x2000007e   Data           2  usart2.o(.data)
    count_1                                  0x20000080   Data           1  usart2.o(.data)
    TxCounter_1                              0x20000081   Data           1  usart2.o(.data)
    count_2                                  0x20000082   Data           1  usart2.o(.data)
    TxCounter_2                              0x20000083   Data           1  usart2.o(.data)
    DataFrame_in_Flash                       0x20000094   Data           4  screen.o(.data)
    time_base                                0x20000098   Data           4  screen.o(.data)
    up_down_flag                             0x2000009c   Data           1  screen.o(.data)
    pen_data_ready                           0x2000009d   Data           1  screen.o(.data)
    net_complete_flag                        0x2000009e   Data           1  screen.o(.data)
    net_reconnect_flag                       0x2000009f   Data           1  screen.o(.data)
    net_reset_flag                           0x200000a0   Data           1  screen.o(.data)
    is_idle_flag                             0x200000a1   Data           1  screen.o(.data)
    meeting_end_flag                         0x200000a2   Data           1  screen.o(.data)
    time_checking_flag                       0x200000a3   Data           1  screen.o(.data)
    searching_flag                           0x200000a4   Data           1  screen.o(.data)
    point_cnt                                0x200000a5   Data           1  screen.o(.data)
    Board_ID                                 0x200000a6   Data           2  wifi.o(.data)
    Phone_IP                                 0x200000a8   Data           4  wifi.o(.data)
    Board_IP                                 0x200000ac   Data           4  wifi.o(.data)
    Bar_code                                 0x200000b0   Data           6  wifi.o(.data)
    wifi_data_len                            0x200000b6   Data           1  wifi.o(.data)
    is_First_connect                         0x200000b7   Data           1  wifi.o(.data)
    seq_lowbat                               0x2000012c   Data          16  ledseq.o(.data)
    seq_armed                                0x2000013c   Data          56  ledseq.o(.data)
    seq_alwayson                             0x20000174   Data          16  ledseq.o(.data)
    seq_error                                0x20000184   Data          24  ledseq.o(.data)
    seq_alive                                0x2000019c   Data          24  ledseq.o(.data)
    seq_flash_3_times                        0x200001b4   Data          56  ledseq.o(.data)
    seq_power_on                             0x200001ec   Data          16  ledseq.o(.data)
    seq_flash_80_waring                      0x200001fc   Data          40  ledseq.o(.data)
    seq_flash_60_waring                      0x20000224   Data          24  ledseq.o(.data)
    seq_testPassed                           0x2000023c   Data         120  ledseq.o(.data)
    rt_interrupt_nest                        0x200002c0   Data           1  irq.o(.data)
    rt_assert_hook                           0x200002cc   Data           4  kservice.o(.data)
    rt_object_container                      0x200002f0   Data         144  object.o(.data)
    rt_object_trytake_hook                   0x20000388   Data           4  object.o(.data)
    rt_object_take_hook                      0x2000038c   Data           4  object.o(.data)
    rt_object_put_hook                       0x20000390   Data           4  object.o(.data)
    rt_current_thread                        0x20000398   Data           4  scheduler.o(.data)
    rt_current_priority                      0x2000039c   Data           1  scheduler.o(.data)
    rt_thread_ready_priority_group           0x200003a0   Data           4  scheduler.o(.data)
    rt_thread_defunct                        0x200003a4   Data           8  scheduler.o(.data)
    rt_interrupt_from_thread                 0x200003c8   Data           4  cpuport.o(.data)
    rt_interrupt_to_thread                   0x200003cc   Data           4  cpuport.o(.data)
    rt_thread_switch_interrupt_flag          0x200003d0   Data           4  cpuport.o(.data)
    serial3                                  0x20001858   Data          84  usart.o(.bss)
    serial4                                  0x200018ac   Data          84  usart.o(.bss)
    RT_Phone_IP                              0x20001900   Data          16  cc3200.o(.bss)
    MAC_BUF                                  0x20001910   Data          15  cc3200.o(.bss)
    Screen_seqSem                            0x20001920   Data          32  usart2.o(.bss)
    Net_complete_seqSem                      0x20001940   Data          32  usart2.o(.bss)
    USART2_RX_BUF                            0x20001960   Data         200  usart2.o(.bss)
    USART2_TX_BUF                            0x20001a28   Data         200  usart2.o(.bss)
    USART_RX_BUF                             0x20001af0   Data         200  usart2.o(.bss)
    Screen_TxBuffer                          0x20001bb8   Data          50  usart2.o(.bss)
    Screen_RxBuffer                          0x20001bea   Data         256  usart2.o(.bss)
    WIFI_TxBuffer                            0x20001cea   Data         256  usart2.o(.bss)
    WIFI_RxBuffer                            0x20001dea   Data         256  usart2.o(.bss)
    FlashScreenDataSeq                       0x20001eec   Data          12  screen.o(.bss)
    pen_data                                 0x20001ef8   Data         256  screen.o(.bss)
    wifi_data_to_send                        0x20001ff8   Data         256  wifi.o(.bss)
    Phone_ID                                 0x200020f8   Data          16  wifi.o(.bss)
    BroadcastPhone_ID                        0x20002108   Data          16  wifi.o(.bss)
    ledseqSem                                0x20002238   Data          32  ledseq.o(.bss)
    rt_thread_priority_table                 0x20002478   Data         256  scheduler.o(.bss)
    __libspace_start                         0x200027f8   Data          96  libspace.o(.bss)
    __temporary_stack_top$libspace           0x20002858   Data           0  libspace.o(.bss)
    Image$$RW_IRAM1$$ZI$$Limit               0x20002e58   Number         0  anon$$obj.o ABSOLUTE



==============================================================================

Memory Map of the image

  Image Entry point : 0x08000131

  Load Region LR_IROM1 (Base: 0x08000000, Size: 0x0000972c, Max: 0x00040000, ABSOLUTE, COMPRESSED[0x00009464])

    Execution Region ER_IROM1 (Base: 0x08000000, Size: 0x00009354, Max: 0x00040000, ABSOLUTE)

    Base Addr    Size         Type   Attr      Idx    E Section Name        Object

    0x08000000   0x00000130   Data   RO         3249    RESET               startup_stm32f10x_hd.o
    0x08000130   0x00000008   Code   RO         6056  * !!!main             c_w.l(__main.o)
    0x08000138   0x00000034   Code   RO         6228    !!!scatter          c_w.l(__scatter.o)
    0x0800016c   0x0000005a   Code   RO         6226    !!dczerorl2         c_w.l(__dczerorl2.o)
    0x080001c6   0x00000002   PAD
    0x080001c8   0x0000001c   Code   RO         6230    !!handler_zi        c_w.l(__scatter_zi.o)
    0x080001e4   0x00000000   Code   RO         6045    .ARM.Collect$$_printf_percent$$00000000  c_w.l(_printf_percent.o)
    0x080001e4   0x00000006   Code   RO         6044    .ARM.Collect$$_printf_percent$$00000009  c_w.l(_printf_d.o)
    0x080001ea   0x00000006   Code   RO         6043    .ARM.Collect$$_printf_percent$$00000014  c_w.l(_printf_s.o)
    0x080001f0   0x00000004   Code   RO         6067    .ARM.Collect$$_printf_percent$$00000017  c_w.l(_printf_percent_end.o)
    0x080001f4   0x00000002   Code   RO         6096    .ARM.Collect$$libinit$$00000000  c_w.l(libinit.o)
    0x080001f6   0x00000000   Code   RO         6103    .ARM.Collect$$libinit$$00000002  c_w.l(libinit2.o)
    0x080001f6   0x00000000   Code   RO         6105    .ARM.Collect$$libinit$$00000004  c_w.l(libinit2.o)
    0x080001f6   0x00000000   Code   RO         6108    .ARM.Collect$$libinit$$0000000A  c_w.l(libinit2.o)
    0x080001f6   0x00000000   Code   RO         6110    .ARM.Collect$$libinit$$0000000C  c_w.l(libinit2.o)
    0x080001f6   0x00000000   Code   RO         6112    .ARM.Collect$$libinit$$0000000E  c_w.l(libinit2.o)
    0x080001f6   0x00000000   Code   RO         6115    .ARM.Collect$$libinit$$00000011  c_w.l(libinit2.o)
    0x080001f6   0x00000000   Code   RO         6117    .ARM.Collect$$libinit$$00000013  c_w.l(libinit2.o)
    0x080001f6   0x00000000   Code   RO         6119    .ARM.Collect$$libinit$$00000015  c_w.l(libinit2.o)
    0x080001f6   0x00000000   Code   RO         6121    .ARM.Collect$$libinit$$00000017  c_w.l(libinit2.o)
    0x080001f6   0x00000000   Code   RO         6123    .ARM.Collect$$libinit$$00000019  c_w.l(libinit2.o)
    0x080001f6   0x00000000   Code   RO         6125    .ARM.Collect$$libinit$$0000001B  c_w.l(libinit2.o)
    0x080001f6   0x00000000   Code   RO         6127    .ARM.Collect$$libinit$$0000001D  c_w.l(libinit2.o)
    0x080001f6   0x00000000   Code   RO         6129    .ARM.Collect$$libinit$$0000001F  c_w.l(libinit2.o)
    0x080001f6   0x00000000   Code   RO         6131    .ARM.Collect$$libinit$$00000021  c_w.l(libinit2.o)
    0x080001f6   0x00000000   Code   RO         6133    .ARM.Collect$$libinit$$00000023  c_w.l(libinit2.o)
    0x080001f6   0x00000000   Code   RO         6135    .ARM.Collect$$libinit$$00000025  c_w.l(libinit2.o)
    0x080001f6   0x00000000   Code   RO         6139    .ARM.Collect$$libinit$$0000002C  c_w.l(libinit2.o)
    0x080001f6   0x00000000   Code   RO         6141    .ARM.Collect$$libinit$$0000002E  c_w.l(libinit2.o)
    0x080001f6   0x00000000   Code   RO         6143    .ARM.Collect$$libinit$$00000030  c_w.l(libinit2.o)
    0x080001f6   0x00000000   Code   RO         6145    .ARM.Collect$$libinit$$00000032  c_w.l(libinit2.o)
    0x080001f6   0x00000002   Code   RO         6146    .ARM.Collect$$libinit$$00000033  c_w.l(libinit2.o)
    0x080001f8   0x00000002   Code   RO         6166    .ARM.Collect$$libshutdown$$00000000  c_w.l(libshutdown.o)
    0x080001fa   0x00000000   Code   RO         6179    .ARM.Collect$$libshutdown$$00000002  c_w.l(libshutdown2.o)
    0x080001fa   0x00000000   Code   RO         6181    .ARM.Collect$$libshutdown$$00000004  c_w.l(libshutdown2.o)
    0x080001fa   0x00000000   Code   RO         6184    .ARM.Collect$$libshutdown$$00000007  c_w.l(libshutdown2.o)
    0x080001fa   0x00000000   Code   RO         6187    .ARM.Collect$$libshutdown$$0000000A  c_w.l(libshutdown2.o)
    0x080001fa   0x00000000   Code   RO         6189    .ARM.Collect$$libshutdown$$0000000C  c_w.l(libshutdown2.o)
    0x080001fa   0x00000000   Code   RO         6192    .ARM.Collect$$libshutdown$$0000000F  c_w.l(libshutdown2.o)
    0x080001fa   0x00000002   Code   RO         6193    .ARM.Collect$$libshutdown$$00000010  c_w.l(libshutdown2.o)
    0x080001fc   0x00000000   Code   RO         6058    .ARM.Collect$$rtentry$$00000000  c_w.l(__rtentry.o)
    0x080001fc   0x00000000   Code   RO         6071    .ARM.Collect$$rtentry$$00000002  c_w.l(__rtentry2.o)
    0x080001fc   0x00000006   Code   RO         6083    .ARM.Collect$$rtentry$$00000004  c_w.l(__rtentry4.o)
    0x08000202   0x00000000   Code   RO         6073    .ARM.Collect$$rtentry$$00000009  c_w.l(__rtentry2.o)
    0x08000202   0x00000004   Code   RO         6074    .ARM.Collect$$rtentry$$0000000A  c_w.l(__rtentry2.o)
    0x08000206   0x00000000   Code   RO         6076    .ARM.Collect$$rtentry$$0000000C  c_w.l(__rtentry2.o)
    0x08000206   0x00000008   Code   RO         6077    .ARM.Collect$$rtentry$$0000000D  c_w.l(__rtentry2.o)
    0x0800020e   0x00000002   Code   RO         6100    .ARM.Collect$$rtexit$$00000000  c_w.l(rtexit.o)
    0x08000210   0x00000000   Code   RO         6148    .ARM.Collect$$rtexit$$00000002  c_w.l(rtexit2.o)
    0x08000210   0x00000004   Code   RO         6149    .ARM.Collect$$rtexit$$00000003  c_w.l(rtexit2.o)
    0x08000214   0x00000006   Code   RO         6150    .ARM.Collect$$rtexit$$00000004  c_w.l(rtexit2.o)
    0x0800021a   0x00000002   PAD
    0x0800021c   0x00000040   Code   RO         3250    .text               startup_stm32f10x_hd.o
    0x0800025c   0x000000ec   Code   RO         5546    .text               context_rvds.o
    0x08000348   0x00000028   Code   RO         6015    .text               c_w.l(noretval__2sprintf.o)
    0x08000370   0x00000068   Code   RO         6017    .text               c_w.l(__printf.o)
    0x080003d8   0x00000052   Code   RO         6019    .text               c_w.l(_printf_str.o)
    0x0800042a   0x00000002   PAD
    0x0800042c   0x00000078   Code   RO         6021    .text               c_w.l(_printf_dec.o)
    0x080004a4   0x00000024   Code   RO         6046    .text               c_w.l(strstr.o)
    0x080004c8   0x0000003e   Code   RO         6048    .text               c_w.l(strlen.o)
    0x08000506   0x0000004e   Code   RO         6052    .text               c_w.l(rt_memclr_w.o)
    0x08000554   0x00000006   Code   RO         6054    .text               c_w.l(heapauxi.o)
    0x0800055a   0x000000b2   Code   RO         6059    .text               c_w.l(_printf_intcommon.o)
    0x0800060c   0x00000030   Code   RO         6061    .text               c_w.l(_printf_char_common.o)
    0x0800063c   0x0000000a   Code   RO         6063    .text               c_w.l(_sputc.o)
    0x08000646   0x0000002c   Code   RO         6065    .text               c_w.l(_printf_char.o)
    0x08000672   0x0000004a   Code   RO         6087    .text               c_w.l(sys_stackheap_outer.o)
    0x080006bc   0x00000012   Code   RO         6089    .text               c_w.l(exit.o)
    0x080006ce   0x00000002   PAD
    0x080006d0   0x00000008   Code   RO         6097    .text               c_w.l(libspace.o)
    0x080006d8   0x0000000c   Code   RO         6158    .text               c_w.l(sys_exit.o)
    0x080006e4   0x00000002   Code   RO         6169    .text               c_w.l(use_no_semi.o)
    0x080006e6   0x00000000   Code   RO         6171    .text               c_w.l(indicate_semi.o)
    0x080006e6   0x00000024   Code   RO         3624    i.ASCII_to_binary   cc3200.o
    0x0800070a   0x00000004   Code   RO         3489    i.BusFault_Handler  stm32f10x_it.o
    0x0800070e   0x00000002   Code   RO         3490    i.DebugMon_Handler  stm32f10x_it.o
    0x08000710   0x00000068   Code   RO         3542    i.GPIO_Configuration  usart.o
    0x08000778   0x000001d8   Code   RO         1345    i.GPIO_Init         stm32f10x_gpio.o
    0x08000950   0x00000258   Code   RO         1347    i.GPIO_PinRemapConfig  stm32f10x_gpio.o
    0x08000ba8   0x0000009c   Code   RO         1348    i.GPIO_ReadInputData  stm32f10x_gpio.o
    0x08000c44   0x00000108   Code   RO         1349    i.GPIO_ReadInputDataBit  stm32f10x_gpio.o
    0x08000d4c   0x000000b0   Code   RO         1352    i.GPIO_ResetBits    stm32f10x_gpio.o
    0x08000dfc   0x000000b0   Code   RO         1353    i.GPIO_SetBits      stm32f10x_gpio.o
    0x08000eac   0x00000034   Code   RO         4061    i.KeyRead           key.o
    0x08000ee0   0x000000d8   Code   RO         3298    i.Key_thread_entry  application.o
    0x08000fb8   0x00000070   Code   RO         3625    i.MAC_to_binary     cc3200.o
    0x08001028   0x00000004   Code   RO         3491    i.MemManage_Handler  stm32f10x_it.o
    0x0800102c   0x00000002   Code   RO         3492    i.NMI_Handler       stm32f10x_it.o
    0x0800102e   0x0000000e   Code   RO         3449    i.NVIC_Configuration  board.o
    0x0800103c   0x00000022   Code   RO         3543    i.NVIC_Configuration  usart.o
    0x0800105e   0x00000002   PAD
    0x08001060   0x000000e0   Code   RO            3    i.NVIC_Init         misc.o
    0x08001140   0x0000007c   Code   RO            5    i.NVIC_SetVectorTable  misc.o
    0x080011bc   0x0000008c   Code   RO         1793    i.RCC_APB1PeriphClockCmd  stm32f10x_rcc.o
    0x08001248   0x0000008c   Code   RO         1794    i.RCC_APB1PeriphResetCmd  stm32f10x_rcc.o
    0x080012d4   0x0000008c   Code   RO         1795    i.RCC_APB2PeriphClockCmd  stm32f10x_rcc.o
    0x08001360   0x0000008c   Code   RO         1796    i.RCC_APB2PeriphResetCmd  stm32f10x_rcc.o
    0x080013ec   0x00000024   Code   RO         3544    i.RCC_Configuration  usart.o
    0x08001410   0x000000d4   Code   RO         1803    i.RCC_GetClocksFreq  stm32f10x_rcc.o
    0x080014e4   0x00000098   Code   RO         2296    i.SPI_Cmd           stm32f10x_spi.o
    0x0800157c   0x00000050   Code   RO         3886    i.SPI_FLASH_BufferRead  spi_flash.o
    0x080015cc   0x00000122   Code   RO         3887    i.SPI_FLASH_BufferWrite  spi_flash.o
    0x080016ee   0x00000002   PAD
    0x080016f0   0x00000028   Code   RO         3888    i.SPI_FLASH_ChipErase  spi_flash.o
    0x08001718   0x000000b8   Code   RO         3890    i.SPI_FLASH_Init    spi_flash.o
    0x080017d0   0x00000060   Code   RO         3891    i.SPI_FLASH_PageWrite  spi_flash.o
    0x08001830   0x00000044   Code   RO         3895    i.SPI_FLASH_SectorErase  spi_flash.o
    0x08001874   0x00000038   Code   RO         3896    i.SPI_FLASH_SendByte  spi_flash.o
    0x080018ac   0x00000034   Code   RO         3899    i.SPI_FLASH_WaitForWriteEnd  spi_flash.o
    0x080018e0   0x00000020   Code   RO         3900    i.SPI_FLASH_WriteEnable  spi_flash.o
    0x08001900   0x000000ac   Code   RO         2304    i.SPI_I2S_GetFlagStatus  stm32f10x_spi.o
    0x080019ac   0x00000070   Code   RO         2307    i.SPI_I2S_ReceiveData  stm32f10x_spi.o
    0x08001a1c   0x00000070   Code   RO         2308    i.SPI_I2S_SendData  stm32f10x_spi.o
    0x08001a8c   0x00000190   Code   RO         2309    i.SPI_Init          stm32f10x_spi.o
    0x08001c1c   0x00000002   Code   RO         3493    i.SVC_Handler       stm32f10x_it.o
    0x08001c1e   0x00000002   PAD
    0x08001c20   0x00000090   Code   RO         3834    i.ScreenRecSeqIn    screen.o
    0x08001cb0   0x00000010   Code   RO         3835    i.ScreenRecSeqInit  screen.o
    0x08001cc0   0x00000058   Code   RO         3836    i.ScreenRecSeqOut   screen.o
    0x08001d18   0x00000200   Code   RO         3837    i.Screen_data_analize  screen.o
    0x08001f18   0x00000008   Code   RO         3256    i.SetSysClock       system_stm32f10x.o
    0x08001f20   0x000000e0   Code   RO         3257    i.SetSysClockTo72   system_stm32f10x.o
    0x08002000   0x0000003c   Code   RO         3450    i.SysTick_Handler   board.o
    0x0800203c   0x00000060   Code   RO         3259    i.SystemInit        system_stm32f10x.o
    0x0800209c   0x00000034   Code   RO         3762    i.TIM7_IRQHandler   usart2.o
    0x080020d0   0x00000060   Code   RO         3763    i.TIM7_Int_Init     usart2.o
    0x08002130   0x00000110   Code   RO         2454    i.TIM_ClearITPendingBit  stm32f10x_tim.o
    0x08002240   0x00000120   Code   RO         2459    i.TIM_Cmd           stm32f10x_tim.o
    0x08002360   0x00000148   Code   RO         2480    i.TIM_GetITStatus   stm32f10x_tim.o
    0x080024a8   0x00000130   Code   RO         2484    i.TIM_ITConfig      stm32f10x_tim.o
    0x080025d8   0x000000f8   Code   RO         2524    i.TIM_SetCounter    stm32f10x_tim.o
    0x080026d0   0x000001b0   Code   RO         2530    i.TIM_TimeBaseInit  stm32f10x_tim.o
    0x08002880   0x0000005c   Code   RO         3545    i.UART4_IRQHandler  usart.o
    0x080028dc   0x00000140   Code   RO         3764    i.USART1_IRQHandler  usart2.o
    0x08002a1c   0x00000270   Code   RO         3765    i.USART2_IRQHandler  usart2.o
    0x08002c8c   0x0000002c   Code   RO         3626    i.USART2_SendByte   cc3200.o
    0x08002cb8   0x00000020   Code   RO         3627    i.USART2_Send_ATCmd  cc3200.o
    0x08002cd8   0x0000005c   Code   RO         3546    i.USART3_IRQHandler  usart.o
    0x08002d34   0x000000ec   Code   RO         3000    i.USART_ClearITPendingBit  stm32f10x_usart.o
    0x08002e20   0x000000f0   Code   RO         3001    i.USART_ClockInit   stm32f10x_usart.o
    0x08002f10   0x000000b0   Code   RO         3003    i.USART_Cmd         stm32f10x_usart.o
    0x08002fc0   0x00000104   Code   RO         3005    i.USART_DeInit      stm32f10x_usart.o
    0x080030c4   0x000000f4   Code   RO         3006    i.USART_GetFlagStatus  stm32f10x_usart.o
    0x080031b8   0x00000150   Code   RO         3007    i.USART_GetITStatus  stm32f10x_usart.o
    0x08003308   0x0000014c   Code   RO         3009    i.USART_ITConfig    stm32f10x_usart.o
    0x08003454   0x0000021c   Code   RO         3010    i.USART_Init        stm32f10x_usart.o
    0x08003670   0x0000008c   Code   RO         3017    i.USART_ReceiveData  stm32f10x_usart.o
    0x080036fc   0x0000004c   Code   RO         3767    i.Uart2_Put_Buf     usart2.o
    0x08003748   0x00000004   Code   RO         3494    i.UsageFault_Handler  stm32f10x_it.o
    0x0800374c   0x0000004c   Code   RO         4746    i.__rt_ffs          kservice.o
    0x08003798   0x00000014   Code   RO         4403    i._has_defunct_thread  idle.o
    0x080037ac   0x000000bc   Code   RO         5185    i._rt_scheduler_stack_check  scheduler.o
    0x08003868   0x000000bc   Code   RO         5270    i._rt_thread_init   thread.o
    0x08003924   0x00000042   Code   RO         5385    i._rt_timer_init    timer.o
    0x08003966   0x0000002e   Code   RO         5386    i._rt_timer_remove  timer.o
    0x08003994   0x000000b0   Code   RO         5584    i._serial_dma_rx    serial.o
    0x08003a44   0x0000005c   Code   RO         5585    i._serial_dma_tx    serial.o
    0x08003aa0   0x00000098   Code   RO         5586    i._serial_int_rx    serial.o
    0x08003b38   0x0000006c   Code   RO         5587    i._serial_int_tx    serial.o
    0x08003ba4   0x00000058   Code   RO         5588    i._serial_poll_rx   serial.o
    0x08003bfc   0x00000054   Code   RO         5589    i._serial_poll_tx   serial.o
    0x08003c50   0x00000070   Code   RO         3413    i.assert_failed     startup.o
    0x08003cc0   0x0000002c   Code   RO         3628    i.cc3200_Hardware_Reset  cc3200.o
    0x08003cec   0x00000034   Code   RO         3629    i.cc3200_check_cmd  cc3200.o
    0x08003d20   0x000000a0   Code   RO         3630    i.cc3200_get_MAC    cc3200.o
    0x08003dc0   0x000000e8   Code   RO         3631    i.cc3200_get_staip  cc3200.o
    0x08003ea8   0x00000054   Code   RO         3632    i.cc3200_init       cc3200.o
    0x08003efc   0x00000178   Code   RO         3633    i.cc3200_reconnect  cc3200.o
    0x08004074   0x00000058   Code   RO         3634    i.cc3200_send_cmd   cc3200.o
    0x080040cc   0x00000140   Code   RO         3635    i.cc3200_set_udpIP  cc3200.o
    0x0800420c   0x00000124   Code   RO         3636    i.cc3200_set_udpPort  cc3200.o
    0x08004330   0x000001d4   Code   RO         3637    i.cc3200_smartcfg   cc3200.o
    0x08004504   0x00000024   Code   RO         3639    i.cc3200_start      cc3200.o
    0x08004528   0x00000314   Code   RO         3299    i.cc3200_thread_entry  application.o
    0x0800483c   0x00000024   Code   RO         4195    i.getPrio           ledseq.o
    0x08004860   0x00000028   Code   RO         4062    i.key_init          key.o
    0x08004888   0x00000050   Code   RO         4063    i.key_scan          key.o
    0x080048d8   0x00000038   Code   RO         4149    i.ledSet            led.o
    0x08004910   0x00000050   Code   RO         3300    i.led_thread_entry  application.o
    0x08004960   0x000000ac   Code   RO         4196    i.ledseq_init       ledseq.o
    0x08004a0c   0x00000064   Code   RO         4197    i.ledseq_run        ledseq.o
    0x08004a70   0x00000058   Code   RO         4198    i.ledseq_stop       ledseq.o
    0x08004ac8   0x0000000e   Code   RO         3414    i.main              startup.o
    0x08004ad6   0x00000002   PAD
    0x08004ad8   0x0000010c   Code   RO         4938    i.plug_holes        mem.o
    0x08004be4   0x0000018c   Code   RO         4748    i.print_number      kservice.o
    0x08004d70   0x000000e0   Code   RO         3301    i.rt_application_init  application.o
    0x08004e50   0x00000074   Code   RO         4749    i.rt_assert_handler  kservice.o
    0x08004ec4   0x00000068   Code   RO         5663    i.rt_completion_done  completion.o
    0x08004f2c   0x00000048   Code   RO         5664    i.rt_completion_init  completion.o
    0x08004f74   0x0000013c   Code   RO         5665    i.rt_completion_wait  completion.o
    0x080050b0   0x0000001c   Code   RO         4285    i.rt_components_board_init  components.o
    0x080050cc   0x0000001c   Code   RO         4286    i.rt_components_init  components.o
    0x080050e8   0x00000034   Code   RO         4752    i.rt_console_set_device  kservice.o
    0x0800511c   0x00000068   Code   RO         5696    i.rt_data_queue_init  dataqueue.o
    0x08005184   0x00000078   Code   RO         5697    i.rt_data_queue_peak  dataqueue.o
    0x080051fc   0x000001b8   Code   RO         5698    i.rt_data_queue_pop  dataqueue.o
    0x080053b4   0x00000154   Code   RO         5699    i.rt_data_queue_push  dataqueue.o
    0x08005508   0x00000058   Code   RO         4323    i.rt_device_close   device.o
    0x08005560   0x00000050   Code   RO         4325    i.rt_device_find    device.o
    0x080055b0   0x000000e8   Code   RO         4328    i.rt_device_open    device.o
    0x08005698   0x00000032   Code   RO         4330    i.rt_device_register  device.o
    0x080056ca   0x00000002   PAD
    0x080056cc   0x00000060   Code   RO         4334    i.rt_device_write   device.o
    0x0800572c   0x00000020   Code   RO         5187    i.rt_enter_critical  scheduler.o
    0x0800574c   0x0000003c   Code   RO         5188    i.rt_exit_critical  scheduler.o
    0x08005788   0x00000198   Code   RO         4940    i.rt_free           mem.o
    0x08005920   0x00000078   Code   RO         3451    i.rt_hw_board_init  board.o
    0x08005998   0x00000002   Code   RO         4755    i.rt_hw_console_output  kservice.o
    0x0800599a   0x00000002   PAD
    0x0800599c   0x00000200   Code   RO         5514    i.rt_hw_hard_fault_exception  cpuport.o
    0x08005b9c   0x00000068   Code   RO         4151    i.rt_hw_led_init    led.o
    0x08005c04   0x00000144   Code   RO         5590    i.rt_hw_serial_isr  serial.o
    0x08005d48   0x0000007c   Code   RO         5591    i.rt_hw_serial_register  serial.o
    0x08005dc4   0x0000004c   Code   RO         5515    i.rt_hw_stack_init  cpuport.o
    0x08005e10   0x00000094   Code   RO         3547    i.rt_hw_usart_init  usart.o
    0x08005ea4   0x0000000a   Code   RO         3302    i.rt_init_thread_entry  application.o
    0x08005eae   0x00000002   PAD
    0x08005eb0   0x00000024   Code   RO         4719    i.rt_interrupt_enter  irq.o
    0x08005ed4   0x0000000c   Code   RO         4720    i.rt_interrupt_get_nest  irq.o
    0x08005ee0   0x00000024   Code   RO         4721    i.rt_interrupt_leave  irq.o
    0x08005f04   0x00000018   Code   RO         4452    i.rt_ipc_list_resume  ipc.o
    0x08005f1c   0x0000006c   Code   RO         4454    i.rt_ipc_list_suspend  ipc.o
    0x08005f88   0x00000010   Code   RO         4455    i.rt_ipc_object_init  ipc.o
    0x08005f98   0x00000068   Code   RO         4756    i.rt_kprintf        kservice.o
    0x08006000   0x00000006   Code   RO         4456    i.rt_list_init      ipc.o
    0x08006006   0x00000006   Code   RO         5189    i.rt_list_init      scheduler.o
    0x0800600c   0x00000006   Code   RO         5387    i.rt_list_init      timer.o
    0x08006012   0x00000006   Code   RO         5701    i.rt_list_init      dataqueue.o
    0x08006018   0x0000000e   Code   RO         5084    i.rt_list_insert_after  object.o
    0x08006026   0x0000000e   Code   RO         5271    i.rt_list_insert_after  thread.o
    0x08006034   0x0000000e   Code   RO         5388    i.rt_list_insert_after  timer.o
    0x08006042   0x0000000e   Code   RO         4457    i.rt_list_insert_before  ipc.o
    0x08006050   0x0000000e   Code   RO         5702    i.rt_list_insert_before  dataqueue.o
    0x0800605e   0x00000010   Code   RO         4458    i.rt_list_isempty   ipc.o
    0x0800606e   0x00000010   Code   RO         5389    i.rt_list_isempty   timer.o
    0x0800607e   0x00000010   Code   RO         5666    i.rt_list_isempty   completion.o
    0x0800608e   0x00000010   Code   RO         5703    i.rt_list_isempty   dataqueue.o
    0x0800609e   0x00000012   Code   RO         5085    i.rt_list_remove    object.o
    0x080060b0   0x00000012   Code   RO         5272    i.rt_list_remove    thread.o
    0x080060c2   0x00000002   PAD
    0x080060c4   0x000002b4   Code   RO         4942    i.rt_malloc         mem.o
    0x08006378   0x00000048   Code   RO         4761    i.rt_memset         kservice.o
    0x080063c0   0x000000b8   Code   RO         5086    i.rt_object_allocate  object.o
    0x08006478   0x0000009c   Code   RO         5088    i.rt_object_delete  object.o
    0x08006514   0x00000054   Code   RO         5089    i.rt_object_detach  object.o
    0x08006568   0x00000054   Code   RO         5093    i.rt_object_init    object.o
    0x080065bc   0x0000003c   Code   RO         5094    i.rt_object_is_systemobject  object.o
    0x080065f8   0x000000a4   Code   RO         5190    i.rt_schedule       scheduler.o
    0x0800669c   0x00000074   Code   RO         5191    i.rt_schedule_insert_thread  scheduler.o
    0x08006710   0x00000080   Code   RO         5192    i.rt_schedule_remove_thread  scheduler.o
    0x08006790   0x00000048   Code   RO         4486    i.rt_sem_init       ipc.o
    0x080067d8   0x00000054   Code   RO         4487    i.rt_sem_release    ipc.o
    0x0800682c   0x00000188   Code   RO         4488    i.rt_sem_take       ipc.o
    0x080069b4   0x00000154   Code   RO         5592    i.rt_serial_close   serial.o
    0x08006b08   0x00000074   Code   RO         5593    i.rt_serial_control  serial.o
    0x08006b7c   0x00000048   Code   RO         5594    i.rt_serial_init    serial.o
    0x08006bc4   0x000001e0   Code   RO         5595    i.rt_serial_open    serial.o
    0x08006da4   0x0000006c   Code   RO         5596    i.rt_serial_read    serial.o
    0x08006e10   0x0000006c   Code   RO         5597    i.rt_serial_write   serial.o
    0x08006e7c   0x00000028   Code   RO         4762    i.rt_set_errno      kservice.o
    0x08006ea4   0x000000b0   Code   RO         4763    i.rt_show_version   kservice.o
    0x08006f54   0x000000a0   Code   RO         5390    i.rt_soft_timer_check  timer.o
    0x08006ff4   0x00000012   Code   RO         4769    i.rt_strlen         kservice.o
    0x08007006   0x00000028   Code   RO         4770    i.rt_strncmp        kservice.o
    0x0800702e   0x00000034   Code   RO         4771    i.rt_strncpy        kservice.o
    0x08007062   0x00000002   PAD
    0x08007064   0x00000150   Code   RO         4946    i.rt_system_heap_init  mem.o
    0x080071b4   0x00000050   Code   RO         5194    i.rt_system_scheduler_init  scheduler.o
    0x08007204   0x00000030   Code   RO         5195    i.rt_system_scheduler_start  scheduler.o
    0x08007234   0x0000001c   Code   RO         5391    i.rt_system_timer_init  timer.o
    0x08007250   0x00000054   Code   RO         5392    i.rt_system_timer_thread_init  timer.o
    0x080072a4   0x00000050   Code   RO         5274    i.rt_thread_create  thread.o
    0x080072f4   0x0000000c   Code   RO         5275    i.rt_thread_delay   thread.o
    0x08007300   0x00000054   Code   RO         5278    i.rt_thread_exit    thread.o
    0x08007354   0x00000018   Code   RO         4404    i.rt_thread_idle_entry  idle.o
    0x0800736c   0x000000cc   Code   RO         4405    i.rt_thread_idle_excute  idle.o
    0x08007438   0x0000003c   Code   RO         4406    i.rt_thread_idle_init  idle.o
    0x08007474   0x0000007c   Code   RO         5280    i.rt_thread_init    thread.o
    0x080074f0   0x00000068   Code   RO         5281    i.rt_thread_resume  thread.o
    0x08007558   0x0000000c   Code   RO         5282    i.rt_thread_self    thread.o
    0x08007564   0x00000068   Code   RO         5283    i.rt_thread_sleep   thread.o
    0x080075cc   0x00000088   Code   RO         5284    i.rt_thread_startup  thread.o
    0x08007654   0x00000064   Code   RO         5285    i.rt_thread_suspend  thread.o
    0x080076b8   0x00000080   Code   RO         5286    i.rt_thread_timeout  thread.o
    0x08007738   0x00000044   Code   RO         5393    i.rt_thread_timer_entry  timer.o
    0x0800777c   0x00000060   Code   RO         5287    i.rt_thread_yield   thread.o
    0x080077dc   0x0000000c   Code   RO         4249    i.rt_tick_get       clock.o
    0x080077e8   0x00000030   Code   RO         4250    i.rt_tick_increase  clock.o
    0x08007818   0x0000009c   Code   RO         5394    i.rt_timer_check    timer.o
    0x080078b4   0x00000064   Code   RO         5395    i.rt_timer_control  timer.o
    0x08007918   0x00000036   Code   RO         5396    i.rt_timer_create   timer.o
    0x0800794e   0x00000002   PAD
    0x08007950   0x00000044   Code   RO         5398    i.rt_timer_detach   timer.o
    0x08007994   0x00000054   Code   RO         5399    i.rt_timer_init     timer.o
    0x080079e8   0x0000001c   Code   RO         5400    i.rt_timer_list_next_timeout  timer.o
    0x08007a04   0x0000019c   Code   RO         5402    i.rt_timer_start    timer.o
    0x08007ba0   0x0000006c   Code   RO         5403    i.rt_timer_stop     timer.o
    0x08007c0c   0x00000328   Code   RO         4773    i.rt_vsnprintf      kservice.o
    0x08007f34   0x00000004   Code   RO         4287    i.rti_board_end     components.o
    0x08007f38   0x00000004   Code   RO         4288    i.rti_end           components.o
    0x08007f3c   0x00000004   Code   RO         4289    i.rti_start         components.o
    0x08007f40   0x00000034   Code   RO         3415    i.rtthread_startup  startup.o
    0x08007f74   0x00000134   Code   RO         4199    i.runLedseq         ledseq.o
    0x080080a8   0x00000026   Code   RO         4775    i.skip_atoi         kservice.o
    0x080080ce   0x00000002   PAD
    0x080080d0   0x000000e8   Code   RO         3548    i.stm32_configure   usart.o
    0x080081b8   0x00000090   Code   RO         3549    i.stm32_control     usart.o
    0x08008248   0x00000044   Code   RO         3550    i.stm32_getc        usart.o
    0x0800828c   0x00000044   Code   RO         3551    i.stm32_putc        usart.o
    0x080082d0   0x000000f0   Code   RO         3768    i.uart1_init        usart2.o
    0x080083c0   0x00000048   Code   RO         4200    i.updateActive      ledseq.o
    0x08008408   0x000000cc   Code   RO         3769    i.usart2_init       usart2.o
    0x080084d4   0x00000224   Code   RO         4008    i.wifi_ack_send     wifi.o
    0x080086f8   0x00000274   Code   RO         4009    i.wifi_data_deal    wifi.o
    0x0800896c   0x00000084   Code   RO         3641    i.wifi_reset        cc3200.o
    0x080089f0   0x000000b0   Code   RO         4011    i.wifi_send_pen_data  wifi.o
    0x08008aa0   0x00000050   Data   RO         3553    .constdata          usart.o
    0x08008af0   0x000000a8   Data   RO         4335    .constdata          device.o
    0x08008b98   0x00000016   Data   RO         4409    .constdata          idle.o
    0x08008bae   0x000001d7   Data   RO         4490    .constdata          ipc.o
    0x08008d85   0x00000122   Data   RO         4777    .constdata          kservice.o
    0x08008ea7   0x00000046   Data   RO         4948    .constdata          mem.o
    0x08008eed   0x0000005e   Data   RO         5099    .constdata          object.o
    0x08008f4b   0x0000004e   Data   RO         5197    .constdata          scheduler.o
    0x08008f99   0x000000aa   Data   RO         5288    .constdata          thread.o
    0x08009043   0x0000005c   Data   RO         5406    .constdata          timer.o
    0x0800909f   0x000000d3   Data   RO         5598    .constdata          serial.o
    0x08009172   0x00000039   Data   RO         5667    .constdata          completion.o
    0x080091ab   0x0000004b   Data   RO         5704    .constdata          dataqueue.o
    0x080091f6   0x00000002   PAD
    0x080091f8   0x0000003d   Data   RO         3643    .conststring        cc3200.o
    0x08009235   0x00000003   PAD
    0x08009238   0x000000ed   Data   RO         4949    .conststring        mem.o
    0x08009325   0x00000003   PAD
    0x08009328   0x00000004   Data   RO         4290    .rti_fn.0           components.o
    0x0800932c   0x00000004   Data   RO         4291    .rti_fn.1.end       components.o
    0x08009330   0x00000004   Data   RO         4292    .rti_fn.6.end       components.o
    0x08009334   0x00000020   Data   RO         6224    Region$$Table       anon$$obj.o


    Execution Region RW_IRAM1 (Base: 0x20000000, Size: 0x00002e58, Max: 0x0000c000, ABSOLUTE, COMPRESSED[0x00000110])

    Base Addr    Size         Type   Attr      Idx    E Section Name        Object

    0x20000000   0x00000014   Data   RW         1823    .data               stm32f10x_rcc.o
    0x20000014   0x00000014   Data   RW         3260    .data               system_stm32f10x.o
    0x20000028   0x00000017   Data   RW         3304    .data               application.o
    0x2000003f   0x00000001   Data   RW         3452    .data               board.o
    0x20000040   0x00000010   Data   RW         3554    .data               usart.o
    0x20000050   0x0000002c   Data   RW         3644    .data               cc3200.o
    0x2000007c   0x00000011   Data   RW         3771    .data               usart2.o
    0x2000008d   0x00000003   PAD
    0x20000090   0x00000016   Data   RW         3840    .data               screen.o
    0x200000a6   0x00000012   Data   RW         4013    .data               wifi.o
    0x200000b8   0x0000004c   Data   RW         4154    .data               led.o
    0x20000104   0x000001b1   Data   RW         4202    .data               ledseq.o
    0x200002b5   0x00000003   PAD
    0x200002b8   0x00000004   Data   RW         4252    .data               clock.o
    0x200002bc   0x00000004   Data   RW         4410    .data               idle.o
    0x200002c0   0x00000001   Data   RW         4722    .data               irq.o
    0x200002c1   0x00000003   PAD
    0x200002c4   0x0000000c   Data   RW         4778    .data               kservice.o
    0x200002d0   0x00000020   Data   RW         4950    .data               mem.o
    0x200002f0   0x000000a4   Data   RW         5100    .data               object.o
    0x20000394   0x0000001c   Data   RW         5198    .data               scheduler.o
    0x200003b0   0x00000018   Data   RW         5407    .data               timer.o
    0x200003c8   0x00000010   Data   RW         5517    .data               cpuport.o
    0x200003d8   0x00001480   Zero   RW         3303    .bss                application.o
    0x20001858   0x000000a8   Zero   RW         3552    .bss                usart.o
    0x20001900   0x0000001f   Zero   RW         3642    .bss                cc3200.o
    0x2000191f   0x00000001   PAD
    0x20001920   0x000005ca   Zero   RW         3770    .bss                usart2.o
    0x20001eea   0x00000002   PAD
    0x20001eec   0x0000010c   Zero   RW         3839    .bss                screen.o
    0x20001ff8   0x00000120   Zero   RW         4012    .bss                wifi.o
    0x20002118   0x00000140   Zero   RW         4201    .bss                ledseq.o
    0x20002258   0x00000180   Zero   RW         4408    .bss                idle.o
    0x200023d8   0x00000080   Zero   RW         4776    .bss                kservice.o
    0x20002458   0x00000020   Zero   RW         4947    .bss                mem.o
    0x20002478   0x00000100   Zero   RW         5196    .bss                scheduler.o
    0x20002578   0x00000280   Zero   RW         5405    .bss                timer.o
    0x200027f8   0x00000060   Zero   RW         6098    .bss                c_w.l(libspace.o)
    0x20002858   0x00000200   Zero   RW         3248    HEAP                startup_stm32f10x_hd.o
    0x20002a58   0x00000400   Zero   RW         3247    STACK               startup_stm32f10x_hd.o


==============================================================================

Image component sizes


      Code (inc. data)   RO Data    RW Data    ZI Data      Debug   Object Name

      1318        204          0         23       5248      15167   application.o
       194         30          0          1          0      23701   board.o
      2508        838         61         44         31      10809   cc3200.o
        60         12          0          4          0       1129   clock.o
       508        176         57          0          0       3931   completion.o
        68         16         12          0          0       2944   components.o
       236         24          0          0          0        752   context_rvds.o
       588        328          0         16          0       3082   cpuport.o
      1040        216         75          0          0       8023   dataqueue.o
       546        140        168          0          0       7606   device.o
       308         80         22          4        384       3598   idle.o
       732        152        471          0          0      29496   ipc.o
        84         18          0          1          0       1942   irq.o
       172         10          0          0          0       1776   key.o
      1990        236        290         12        128      11614   kservice.o
       160         24          0         76          0       1802   led.o
       776        114          0        433        320       5713   ledseq.o
      1704        572        307         32         32       5917   mem.o
       348        132          0          0          0     262182   misc.o
       600        186         94        164          0       6657   object.o
       822        254         78         28        256       6902   scheduler.o
       760         38          0         22        268       4577   screen.o
      2372        514        211          0          0      12355   serial.o
       898         46          0          0          0       6321   spi_flash.o
       178         90          0          0          0       1923   startup.o
        64         26        304          0       1536        900   startup_stm32f10x_hd.o
      1844        614          0          0          0       6027   stm32f10x_gpio.o
        18          0          0          0          0       2615   stm32f10x_it.o
       772        300          0         20          0       6092   stm32f10x_rcc.o
       948        366          0          0          0       4518   stm32f10x_spi.o
      1872        750          0          0          0       5179   stm32f10x_tim.o
      2504        764          0          0          0       8671   stm32f10x_usart.o
       328         28          0         20          0       2553   system_stm32f10x.o
      1200        318        170          0          0      11532   thread.o
      1498        236         92         24        640      12559   timer.o
      1018        188         80         16        168      33287   usart.o
      1612        172          0         17       1482       6309   usart2.o
      1352        104          0         18        288       4160   wifi.o

    ----------------------------------------------------------------------
     34022       8316       2532        984      10784     544321   Object Totals
         0          0         32          0          0          0   (incl. Generated)
        22          0          8          9          3          0   (incl. Padding)

    ----------------------------------------------------------------------

      Code (inc. data)   RO Data    RW Data    ZI Data      Debug   Library Member Name

        90          0          0          0          0          0   __dczerorl2.o
         8          0          0          0          0         68   __main.o
       104          0          0          0          0         84   __printf.o
         0          0          0          0          0          0   __rtentry.o
        12          0          0          0          0          0   __rtentry2.o
         6          0          0          0          0          0   __rtentry4.o
        52          8          0          0          0          0   __scatter.o
        28          0          0          0          0          0   __scatter_zi.o
        44          0          0          0          0        108   _printf_char.o
        48          6          0          0          0         96   _printf_char_common.o
         6          0          0          0          0          0   _printf_d.o
       120         16          0          0          0         92   _printf_dec.o
       178          0          0          0          0         88   _printf_intcommon.o
         0          0          0          0          0          0   _printf_percent.o
         4          0          0          0          0          0   _printf_percent_end.o
         6          0          0          0          0          0   _printf_s.o
        82          0          0          0          0         80   _printf_str.o
        10          0          0          0          0         68   _sputc.o
        18          0          0          0          0         80   exit.o
         6          0          0          0          0        152   heapauxi.o
         0          0          0          0          0          0   indicate_semi.o
         2          0          0          0          0          0   libinit.o
         2          0          0          0          0          0   libinit2.o
         2          0          0          0          0          0   libshutdown.o
         2          0          0          0          0          0   libshutdown2.o
         8          4          0          0         96         68   libspace.o
        40          6          0          0          0         84   noretval__2sprintf.o
        78          0          0          0          0         80   rt_memclr_w.o
         2          0          0          0          0          0   rtexit.o
        10          0          0          0          0          0   rtexit2.o
        62          0          0          0          0         76   strlen.o
        36          0          0          0          0         80   strstr.o
        12          4          0          0          0         68   sys_exit.o
        74          0          0          0          0         80   sys_stackheap_outer.o
         2          0          0          0          0         68   use_no_semi.o

    ----------------------------------------------------------------------
      1162         44          0          0         96       1520   Library Totals
         8          0          0          0          0          0   (incl. Padding)

    ----------------------------------------------------------------------

      Code (inc. data)   RO Data    RW Data    ZI Data      Debug   Library Name

      1154         44          0          0         96       1520   c_w.l

    ----------------------------------------------------------------------
      1162         44          0          0         96       1520   Library Totals

    ----------------------------------------------------------------------

==============================================================================


      Code (inc. data)   RO Data    RW Data    ZI Data      Debug   

     35184       8360       2532        984      10880     533201   Grand Totals
     35184       8360       2532        272      10880     533201   ELF Image Totals (compressed)
     35184       8360       2532        272          0          0   ROM Totals

==============================================================================

    Total RO  Size (Code + RO Data)                37716 (  36.83kB)
    Total RW  Size (RW Data + ZI Data)             11864 (  11.59kB)
    Total ROM Size (Code + RO Data + RW Data)      37988 (  37.10kB)

==============================================================================

